Archive member included to satisfy reference by file (symbol)

C:/ST/STM32CubeIDE_1.15.1/STM32CubeIDE/plugins/com.st.stm32cube.ide.mcu.externaltools.gnu-tools-for-stm32.12.3.rel1.win32_1.0.100.202403111256/tools/bin/../lib/gcc/arm-none-eabi/12.3.1/../../../../arm-none-eabi/lib/thumb/v7e-m+fp/hard\libc_nano.a(libc_a-exit.o)
                              C:/ST/STM32CubeIDE_1.15.1/STM32CubeIDE/plugins/com.st.stm32cube.ide.mcu.externaltools.gnu-tools-for-stm32.12.3.rel1.win32_1.0.100.202403111256/tools/bin/../lib/gcc/arm-none-eabi/12.3.1/../../../../arm-none-eabi/lib/thumb/v7e-m+fp/hard/crt0.o (exit)
C:/ST/STM32CubeIDE_1.15.1/STM32CubeIDE/plugins/com.st.stm32cube.ide.mcu.externaltools.gnu-tools-for-stm32.12.3.rel1.win32_1.0.100.202403111256/tools/bin/../lib/gcc/arm-none-eabi/12.3.1/../../../../arm-none-eabi/lib/thumb/v7e-m+fp/hard\libc_nano.a(libc_a-findfp.o)
                              C:/ST/STM32CubeIDE_1.15.1/STM32CubeIDE/plugins/com.st.stm32cube.ide.mcu.externaltools.gnu-tools-for-stm32.12.3.rel1.win32_1.0.100.202403111256/tools/bin/../lib/gcc/arm-none-eabi/12.3.1/../../../../arm-none-eabi/lib/thumb/v7e-m+fp/hard\libc_nano.a(libc_a-exit.o) (__stdio_exit_handler)
C:/ST/STM32CubeIDE_1.15.1/STM32CubeIDE/plugins/com.st.stm32cube.ide.mcu.externaltools.gnu-tools-for-stm32.12.3.rel1.win32_1.0.100.202403111256/tools/bin/../lib/gcc/arm-none-eabi/12.3.1/../../../../arm-none-eabi/lib/thumb/v7e-m+fp/hard\libc_nano.a(libc_a-fwalk.o)
                              C:/ST/STM32CubeIDE_1.15.1/STM32CubeIDE/plugins/com.st.stm32cube.ide.mcu.externaltools.gnu-tools-for-stm32.12.3.rel1.win32_1.0.100.202403111256/tools/bin/../lib/gcc/arm-none-eabi/12.3.1/../../../../arm-none-eabi/lib/thumb/v7e-m+fp/hard\libc_nano.a(libc_a-findfp.o) (_fwalk_sglue)
C:/ST/STM32CubeIDE_1.15.1/STM32CubeIDE/plugins/com.st.stm32cube.ide.mcu.externaltools.gnu-tools-for-stm32.12.3.rel1.win32_1.0.100.202403111256/tools/bin/../lib/gcc/arm-none-eabi/12.3.1/../../../../arm-none-eabi/lib/thumb/v7e-m+fp/hard\libc_nano.a(libc_a-stdio.o)
                              C:/ST/STM32CubeIDE_1.15.1/STM32CubeIDE/plugins/com.st.stm32cube.ide.mcu.externaltools.gnu-tools-for-stm32.12.3.rel1.win32_1.0.100.202403111256/tools/bin/../lib/gcc/arm-none-eabi/12.3.1/../../../../arm-none-eabi/lib/thumb/v7e-m+fp/hard\libc_nano.a(libc_a-findfp.o) (__sread)
C:/ST/STM32CubeIDE_1.15.1/STM32CubeIDE/plugins/com.st.stm32cube.ide.mcu.externaltools.gnu-tools-for-stm32.12.3.rel1.win32_1.0.100.202403111256/tools/bin/../lib/gcc/arm-none-eabi/12.3.1/../../../../arm-none-eabi/lib/thumb/v7e-m+fp/hard\libc_nano.a(libc_a-memset.o)
                              C:/ST/STM32CubeIDE_1.15.1/STM32CubeIDE/plugins/com.st.stm32cube.ide.mcu.externaltools.gnu-tools-for-stm32.12.3.rel1.win32_1.0.100.202403111256/tools/bin/../lib/gcc/arm-none-eabi/12.3.1/../../../../arm-none-eabi/lib/thumb/v7e-m+fp/hard/crt0.o (memset)
C:/ST/STM32CubeIDE_1.15.1/STM32CubeIDE/plugins/com.st.stm32cube.ide.mcu.externaltools.gnu-tools-for-stm32.12.3.rel1.win32_1.0.100.202403111256/tools/bin/../lib/gcc/arm-none-eabi/12.3.1/../../../../arm-none-eabi/lib/thumb/v7e-m+fp/hard\libc_nano.a(libc_a-closer.o)
                              C:/ST/STM32CubeIDE_1.15.1/STM32CubeIDE/plugins/com.st.stm32cube.ide.mcu.externaltools.gnu-tools-for-stm32.12.3.rel1.win32_1.0.100.202403111256/tools/bin/../lib/gcc/arm-none-eabi/12.3.1/../../../../arm-none-eabi/lib/thumb/v7e-m+fp/hard\libc_nano.a(libc_a-stdio.o) (_close_r)
C:/ST/STM32CubeIDE_1.15.1/STM32CubeIDE/plugins/com.st.stm32cube.ide.mcu.externaltools.gnu-tools-for-stm32.12.3.rel1.win32_1.0.100.202403111256/tools/bin/../lib/gcc/arm-none-eabi/12.3.1/../../../../arm-none-eabi/lib/thumb/v7e-m+fp/hard\libc_nano.a(libc_a-reent.o)
                              C:/ST/STM32CubeIDE_1.15.1/STM32CubeIDE/plugins/com.st.stm32cube.ide.mcu.externaltools.gnu-tools-for-stm32.12.3.rel1.win32_1.0.100.202403111256/tools/bin/../lib/gcc/arm-none-eabi/12.3.1/../../../../arm-none-eabi/lib/thumb/v7e-m+fp/hard\libc_nano.a(libc_a-closer.o) (errno)
C:/ST/STM32CubeIDE_1.15.1/STM32CubeIDE/plugins/com.st.stm32cube.ide.mcu.externaltools.gnu-tools-for-stm32.12.3.rel1.win32_1.0.100.202403111256/tools/bin/../lib/gcc/arm-none-eabi/12.3.1/../../../../arm-none-eabi/lib/thumb/v7e-m+fp/hard\libc_nano.a(libc_a-impure.o)
                              C:/ST/STM32CubeIDE_1.15.1/STM32CubeIDE/plugins/com.st.stm32cube.ide.mcu.externaltools.gnu-tools-for-stm32.12.3.rel1.win32_1.0.100.202403111256/tools/bin/../lib/gcc/arm-none-eabi/12.3.1/../../../../arm-none-eabi/lib/thumb/v7e-m+fp/hard\libc_nano.a(libc_a-reent.o) (_impure_ptr)
C:/ST/STM32CubeIDE_1.15.1/STM32CubeIDE/plugins/com.st.stm32cube.ide.mcu.externaltools.gnu-tools-for-stm32.12.3.rel1.win32_1.0.100.202403111256/tools/bin/../lib/gcc/arm-none-eabi/12.3.1/../../../../arm-none-eabi/lib/thumb/v7e-m+fp/hard\libc_nano.a(libc_a-lseekr.o)
[...]
Memory Configuration

Name             Origin             Length             Attributes
RAM              0x20000000         0x00020000         xrw
FLASH            0x08000000         0x00080000         xr
*default*        0x00000000         0xffffffff

Linker script and memory map

LOAD C:/ST/STM32CubeIDE_1.15.1/STM32CubeIDE/plugins/com.st.stm32cube.ide.mcu.externaltools.gnu-tools-for-stm32.12.3.rel1.win32_1.0.100.202403111256/tools/bin/../lib/gcc/arm-none-eabi/12.3.1/thumb/v7e-m+fp/hard/crti.o
LOAD C:/ST/STM32CubeIDE_1.15.1/STM32CubeIDE/plugins/com.st.stm32cube.ide.mcu.externaltools.gnu-tools-for-stm32.12.3.rel1.win32_1.0.100.202403111256/tools/bin/../lib/gcc/arm-none-eabi/12.3.1/thumb/v7e-m+fp/hard/crtbegin.o
LOAD C:/ST/STM32CubeIDE_1.15.1/STM32CubeIDE/plugins/com.st.stm32cube.ide.mcu.externaltools.gnu-tools-for-stm32.12.3.rel1.win32_1.0.100.202403111256/tools/bin/../lib/gcc/arm-none-eabi/12.3.1/../../../../arm-none-eabi/lib/thumb/v7e-m+fp/hard/crt0.o
LOAD ./Core/Src/main.o
LOAD ./Core/Src/stm32f4xx_hal_msp.o
LOAD ./Core/Src/stm32f4xx_it.o
LOAD ./Core/Src/syscalls.o
LOAD ./Core/Src/sysmem.o
LOAD ./Core/Src/system_stm32f4xx.o
LOAD ./Core/Startup/startup_stm32f411retx.o
LOAD ./Drivers/STM32F4xx_HAL_Driver/Src/stm32f4xx_hal.o
LOAD ./Drivers/STM32F4xx_HAL_Driver/Src/stm32f4xx_hal_cortex.o
LOAD ./Drivers/STM32F4xx_HAL_Driver/Src/stm32f4xx_hal_dma.o
LOAD ./Drivers/STM32F4xx_HAL_Driver/Src/stm32f4xx_hal_dma_ex.o
LOAD ./Drivers/STM32F4xx_HAL_Driver/Src/stm32f4xx_hal_exti.o
LOAD ./Drivers/STM32F4xx_HAL_Driver/Src/stm32f4xx_hal_flash.o
LOAD ./Drivers/STM32F4xx_HAL_Driver/Src/stm32f4xx_hal_flash_ex.o
LOAD ./Drivers/STM32F4xx_HAL_Driver/Src/stm32f4xx_hal_flash_ramfunc.o
LOAD ./Drivers/STM32F4xx_HAL_Driver/Src/stm32f4xx_hal_gpio.o
LOAD ./Drivers/STM32F4xx_HAL_Driver/Src/stm32f4xx_hal_pwr.o
LOAD ./Drivers/STM32F4xx_HAL_Driver/Src/stm32f4xx_hal_pwr_ex.o
LOAD ./Drivers/STM32F4xx_HAL_Driver/Src/stm32f4xx_hal_rcc.o
LOAD ./Drivers/STM32F4xx_HAL_Driver/Src/stm32f4xx_hal_rcc_ex.o
LOAD ./Drivers/STM32F4xx_HAL_Driver/Src/stm32f4xx_hal_tim.o
LOAD ./Drivers/STM32F4xx_HAL_Driver/Src/stm32f4xx_hal_tim_ex.o
LOAD ./Drivers/STM32F4xx_HAL_Driver/Src/stm32f4xx_hal_uart.o
START GROUP
LOAD C:/ST/STM32CubeIDE_1.15.1/STM32CubeIDE/plugins/com.st.stm32cube.ide.mcu.externaltools.gnu-tools-for-stm32.12.3.rel1.win32_1.0.100.202403111256/tools/bin/../lib/gcc/arm-none-eabi/12.3.1/../../../../arm-none-eabi/lib/thumb/v7e-m+fp/hard\libc_nano.a
LOAD C:/ST/STM32CubeIDE_1.15.1/STM32CubeIDE/plugins/com.st.stm32cube.ide.mcu.externaltools.gnu-tools-for-stm32.12.3.rel1.win32_1.0.100.202403111256/tools/bin/../lib/gcc/arm-none-eabi/12.3.1/../../../../arm-none-eabi/lib/thumb/v7e-m+fp/hard\libm.a
END GROUP
START GROUP
LOAD C:/ST/STM32CubeIDE_1.15.1/STM32CubeIDE/plugins/com.st.stm32cube.ide.mcu.externaltools.gnu-tools-for-stm32.12.3.rel1.win32_1.0.100.202403111256/tools/bin/../lib/gcc/arm-none-eabi/12.3.1/thumb/v7e-m+fp/hard\libgcc.a
LOAD C:/ST/STM32CubeIDE_1.15.1/STM32CubeIDE/plugins/com.st.stm32cube.ide.mcu.externaltools.gnu-tools-for-stm32.12.3.rel1.win32_1.0.100.202403111256/tools/bin/../lib/gcc/arm-none-eabi/12.3.1/../../../../arm-none-eabi/lib/thumb/v7e-m+fp/hard\libc_nano.a
END GROUP
START GROUP
LOAD C:/ST/STM32CubeIDE_1.15.1/STM32CubeIDE/plugins/com.st.stm32cube.ide.mcu.externaltools.gnu-tools-for-stm32.12.3.rel1.win32_1.0.100.202403111256/tools/bin/../lib/gcc/arm-none-eabi/12.3.1/thumb/v7e-m+fp/hard\libgcc.a
LOAD C:/ST/STM32CubeIDE_1.15.1/STM32CubeIDE/plugins/com.st.stm32cube.ide.mcu.externaltools.gnu-tools-for-stm32.12.3.rel1.win32_1.0.100.202403111256/tools/bin/../lib/gcc/arm-none-eabi/12.3.1/../../../../arm-none-eabi/lib/thumb/v7e-m+fp/hard\libc_nano.a
LOAD C:/ST/STM32CubeIDE_1.15.1/STM32CubeIDE/plugins/com.st.stm32cube.ide.mcu.externaltools.gnu-tools-for-stm32.12.3.rel1.win32_1.0.100.202403111256/tools/bin/../lib/gcc/arm-none-eabi/12.3.1/../../../../arm-none-eabi/lib/thumb/v7e-m+fp/hard\libnosys.a
END GROUP
START GROUP
LOAD C:/ST/STM32CubeIDE_1.15.1/STM32CubeIDE/plugins/com.st.stm32cube.ide.mcu.externaltools.gnu-tools-for-stm32.12.3.rel1.win32_1.0.100.202403111256/tools/bin/../lib/gcc/arm-none-eabi/12.3.1/thumb/v7e-m+fp/hard\libgcc.a
LOAD C:/ST/STM32CubeIDE_1.15.1/STM32CubeIDE/plugins/com.st.stm32cube.ide.mcu.externaltools.gnu-tools-for-stm32.12.3.rel1.win32_1.0.100.202403111256/tools/bin/../lib/gcc/arm-none-eabi/12.3.1/../../../../arm-none-eabi/lib/thumb/v7e-m+fp/hard\libc_nano.a
LOAD C:/ST/STM32CubeIDE_1.15.1/STM32CubeIDE/plugins/com.st.stm32cube.ide.mcu.externaltools.gnu-tools-for-stm32.12.3.rel1.win32_1.0.100.202403111256/tools/bin/../lib/gcc/arm-none-eabi/12.3.1/../../../../arm-none-eabi/lib/thumb/v7e-m+fp/hard\libnosys.a
END GROUP
LOAD C:/ST/STM32CubeIDE_1.15.1/STM32CubeIDE/plugins/com.st.stm32cube.ide.mcu.externaltools.gnu-tools-for-stm32.12.3.rel1.win32_1.0.100.202403111256/tools/bin/../lib/gcc/arm-none-eabi/12.3.1/thumb/v7e-m+fp/hard/crtend.o
LOAD C:/ST/STM32CubeIDE_1.15.1/STM32CubeIDE/plugins/com.st.stm32cube.ide.mcu.externaltools.gnu-tools-for-stm32.12.3.rel1.win32_1.0.100.202403111256/tools/bin/../lib/gcc/arm-none-eabi/12.3.1/thumb/v7e-m+fp/hard/crtn.o
                0x20020000                        _estack = (ORIGIN (RAM) + LENGTH (RAM))
                0x00000200                        _Min_Heap_Size = 0x200
                0x00000400                        _Min_Stack_Size = 0x400

.isr_vector     0x08000000      0x198
                0x08000000                        . = ALIGN (0x4)
 *(.isr_vector)
 .isr_vector    0x08000000      0x198 ./Core/Startup/startup_stm32f411retx.o
                0x08000000                g_pfnVectors
                0x08000198                        . = ALIGN (0x4)

.text           0x08000198     0x1fdc
                0x08000198                        . = ALIGN (0x4)
 *(.text)
 .text          0x08000198       0x40 C:/ST/STM32CubeIDE_1.15.1/STM32CubeIDE/plugins/com.st.stm32cube.ide.mcu.externaltools.gnu-tools-for-stm32.12.3.rel1.win32_1.0.100.202403111256/tools/bin/../lib/gcc/arm-none-eabi/12.3.1/thumb/v7e-m+fp/hard/crtbegin.o
 .text          0x080001d8       0x30 C:/ST/STM32CubeIDE_1.15.1/STM32CubeIDE/plugins/com.st.stm32cube.ide.mcu.externaltools.gnu-tools-for-stm32.12.3.rel1.win32_1.0.100.202403111256/tools/bin/../lib/gcc/arm-none-eabi/12.3.1/thumb/v7e-m+fp/hard\libgcc.a(_aeabi_uldivmod.o)
                0x080001d8                __aeabi_uldivmod
 .text          0x08000208      0x2bc C:/ST/STM32CubeIDE_1.15.1/STM32CubeIDE/plugins/com.st.stm32cube.ide.mcu.externaltools.gnu-tools-for-stm32.12.3.rel1.win32_1.0.100.202403111256/tools/bin/../lib/gcc/arm-none-eabi/12.3.1/thumb/v7e-m+fp/hard\libgcc.a(_udivmoddi4.o)
                0x08000208                __udivmoddi4
 .text          0x080004c4        0x4 C:/ST/STM32CubeIDE_1.15.1/STM32CubeIDE/plugins/com.st.stm32cube.ide.mcu.externaltools.gnu-tools-for-stm32.12.3.rel1.win32_1.0.100.202403111256/tools/bin/../lib/gcc/arm-none-eabi/12.3.1/thumb/v7e-m+fp/hard\libgcc.a(_dvmd_tls.o)
                0x080004c4                __aeabi_idiv0
                0x080004c4                __aeabi_ldiv0
 *(.text*)
 .text.HAL_GPIO_EXTI_Callback
                0x080004c8       0x98 ./Core/Src/main.o
                0x080004c8                HAL_GPIO_EXTI_Callback
 .text.SystemClock_Config
                0x08000560       0xa0 ./Core/Src/main.o
                0x08000560                SystemClock_Config
 .text.startup.main
                0x08000600      0x1ac ./Core/Src/main.o
                0x08000600                main
 .text.HAL_UART_TxCpltCallback
                0x080007ac       0x20 ./Core/Src/main.o
                0x080007ac                HAL_UART_TxCpltCallback
 .text.Error_Handler
                0x080007cc        0x4 ./Core/Src/main.o
                0x080007cc                Error_Handler
 .text.HAL_MspInit
                0x080007d0       0x38 ./Core/Src/stm32f4xx_hal_msp.o
                0x080007d0                HAL_MspInit
 .text.HAL_TIM_Base_MspInit
                0x08000808       0x2c ./Core/Src/stm32f4xx_hal_msp.o
                0x08000808                HAL_TIM_Base_MspInit
 .text.HAL_UART_MspInit
                0x08000834       0xbc ./Core/Src/stm32f4xx_hal_msp.o
                0x08000834                HAL_UART_MspInit
 .text.NMI_Handler
                0x080008f0        0x4 ./Core/Src/stm32f4xx_it.o
                0x080008f0                NMI_Handler
 .text.HardFault_Handler
                0x080008f4        0x4 ./Core/Src/stm32f4xx_it.o
                0x080008f4                HardFault_Handler
 .text.MemManage_Handler
                0x080008f8        0x4 ./Core/Src/stm32f4xx_it.o
                0x080008f8                MemManage_Handler
 .text.BusFault_Handler
                0x080008fc        0x4 ./Core/Src/stm32f4xx_it.o
                0x080008fc                BusFault_Handler
 .text.UsageFault_Handler
                0x08000900        0x4 ./Core/Src/stm32f4xx_it.o
                0x08000900                UsageFault_Handler
 .text.SVC_Handler
                0x08000904        0x4 ./Core/Src/stm32f4xx_it.o
                0x08000904                SVC_Handler
 .text.DebugMon_Handler
                0x08000908        0x4 ./Core/Src/stm32f4xx_it.o
                0x08000908                DebugMon_Handler
 .text.PendSV_Handler
                0x0800090c        0x4 ./Core/Src/stm32f4xx_it.o
                0x0800090c                PendSV_Handler
 .text.SysTick_Handler
                0x08000910        0x4 ./Core/Src/stm32f4xx_it.o
                0x08000910                SysTick_Handler
 .text.EXTI0_IRQHandler
                0x08000914        0x8 ./Core/Src/stm32f4xx_it.o
                0x08000914                EXTI0_IRQHandler
 .text.DMA1_Stream6_IRQHandler
                0x0800091c        0xc ./Core/Src/stm32f4xx_it.o
                0x0800091c                DMA1_Stream6_IRQHandler
 .text.USART2_IRQHandler
                0x08000928        0xc ./Core/Src/stm32f4xx_it.o
                0x08000928                USART2_IRQHandler
 .text.SystemInit
                0x08000934       0x14 ./Core/Src/system_stm32f4xx.o
                0x08000934                SystemInit
 .text.Reset_Handler
                0x08000948       0x50 ./Core/Startup/startup_stm32f411retx.o
                0x08000948                Reset_Handler
 .text.Default_Handler
                0x08000998        0x2 ./Core/Startup/startup_stm32f411retx.o
                0x08000998                RTC_Alarm_IRQHandler
                0x08000998                EXTI2_IRQHandler
                0x08000998                SPI4_IRQHandler
                0x08000998                TIM1_CC_IRQHandler
                0x08000998                DMA2_Stream5_IRQHandler
                0x08000998                DMA1_Stream5_IRQHandler
                0x08000998                PVD_IRQHandler
                0x08000998                SDIO_IRQHandler
                0x08000998                TAMP_STAMP_IRQHandler
                0x08000998                EXTI3_IRQHandler
                0x08000998                TIM1_UP_TIM10_IRQHandler
                0x08000998                I2C3_ER_IRQHandler
                0x08000998                I2C2_EV_IRQHandler
                0x08000998                DMA1_Stream2_IRQHandler
                0x08000998                FPU_IRQHandler
                0x08000998                DMA2_Stream2_IRQHandler
                0x08000998                SPI1_IRQHandler
                0x08000998                TIM1_BRK_TIM9_IRQHandler
                0x08000998                DMA2_Stream3_IRQHandler
                0x08000998                USART6_IRQHandler
                0x08000998                DMA2_Stream0_IRQHandler
                0x08000998                TIM4_IRQHandler
                0x08000998                I2C1_EV_IRQHandler
                0x08000998                DMA1_Stream1_IRQHandler
                0x08000998                TIM3_IRQHandler
                0x08000998                RCC_IRQHandler
                0x08000998                Default_Handler
                0x08000998                EXTI15_10_IRQHandler
                0x08000998                ADC_IRQHandler
                0x08000998                DMA1_Stream7_IRQHandler
                0x08000998                SPI5_IRQHandler
                0x08000998                TIM5_IRQHandler
                0x08000998                DMA2_Stream7_IRQHandler
                0x08000998                I2C3_EV_IRQHandler
                0x08000998                EXTI9_5_IRQHandler
                0x08000998                RTC_WKUP_IRQHandler
                0x08000998                SPI2_IRQHandler
                0x08000998                DMA1_Stream0_IRQHandler
                0x08000998                EXTI4_IRQHandler
                0x08000998                WWDG_IRQHandler
                0x08000998                TIM2_IRQHandler
                0x08000998                OTG_FS_WKUP_IRQHandler
                0x08000998                TIM1_TRG_COM_TIM11_IRQHandler
                0x08000998                EXTI1_IRQHandler
                0x08000998                I2C2_ER_IRQHandler
                0x08000998                DMA2_Stream1_IRQHandler
                0x08000998                FLASH_IRQHandler
                0x08000998                DMA2_Stream4_IRQHandler
                0x08000998                USART1_IRQHandler
                0x08000998                OTG_FS_IRQHandler
                0x08000998                SPI3_IRQHandler
                0x08000998                DMA1_Stream4_IRQHandler
                0x08000998                I2C1_ER_IRQHandler
                0x08000998                DMA2_Stream6_IRQHandler
                0x08000998                DMA1_Stream3_IRQHandler
 *fill*         0x0800099a        0x2 
 .text.HAL_InitTick
                0x0800099c       0x48 ./Drivers/STM32F4xx_HAL_Driver/Src/stm32f4xx_hal.o
                0x0800099c                HAL_InitTick
 .text.HAL_Init
                0x080009e4       0x34 ./Drivers/STM32F4xx_HAL_Driver/Src/stm32f4xx_hal.o
                0x080009e4                HAL_Init
 .text.HAL_IncTick
                0x08000a18       0x18 ./Drivers/STM32F4xx_HAL_Driver/Src/stm32f4xx_hal.o
                0x08000a18                HAL_IncTick
 .text.HAL_GetTick
                0x08000a30        0xc ./Drivers/STM32F4xx_HAL_Driver/Src/stm32f4xx_hal.o
                0x08000a30                HAL_GetTick
 .text.HAL_NVIC_SetPriorityGrouping
                0x08000a3c       0x24 ./Drivers/STM32F4xx_HAL_Driver/Src/stm32f4xx_hal_cortex.o
                0x08000a3c                HAL_NVIC_SetPriorityGrouping
 .text.HAL_NVIC_SetPriority
                0x08000a60       0x78 ./Drivers/STM32F4xx_HAL_Driver/Src/stm32f4xx_hal_cortex.o
                0x08000a60                HAL_NVIC_SetPriority
 .text.HAL_NVIC_EnableIRQ
                0x08000ad8       0x1c ./Drivers/STM32F4xx_HAL_Driver/Src/stm32f4xx_hal_cortex.o
                0x08000ad8                HAL_NVIC_EnableIRQ
 .text.HAL_NVIC_DisableIRQ
                0x08000af4       0x24 ./Drivers/STM32F4xx_HAL_Driver/Src/stm32f4xx_hal_cortex.o
                0x08000af4                HAL_NVIC_DisableIRQ
 .text.HAL_SYSTICK_Config
                0x08000b18       0x34 ./Drivers/STM32F4xx_HAL_Driver/Src/stm32f4xx_hal_cortex.o
                0x08000b18                HAL_SYSTICK_Config
 .text.HAL_DMA_Init
                0x08000b4c      0x12c ./Drivers/STM32F4xx_HAL_Driver/Src/stm32f4xx_hal_dma.o
                0x08000b4c                HAL_DMA_Init
 .text.HAL_DMA_Start_IT
                0x08000c78       0x78 ./Drivers/STM32F4xx_HAL_Driver/Src/stm32f4xx_hal_dma.o
                0x08000c78                HAL_DMA_Start_IT
 .text.HAL_DMA_Abort
                0x08000cf0       0x94 ./Drivers/STM32F4xx_HAL_Driver/Src/stm32f4xx_hal_dma.o
                0x08000cf0                HAL_DMA_Abort
 .text.HAL_DMA_Abort_IT
                0x08000d84       0x24 ./Drivers/STM32F4xx_HAL_Driver/Src/stm32f4xx_hal_dma.o
                0x08000d84                HAL_DMA_Abort_IT
 .text.HAL_DMA_IRQHandler
                0x08000da8      0x1ac ./Drivers/STM32F4xx_HAL_Driver/Src/stm32f4xx_hal_dma.o
                0x08000da8                HAL_DMA_IRQHandler
 .text.HAL_GPIO_Init
                0x08000f54      0x1ec ./Drivers/STM32F4xx_HAL_Driver/Src/stm32f4xx_hal_gpio.o
                0x08000f54                HAL_GPIO_Init
 .text.HAL_GPIO_EXTI_IRQHandler
                0x08001140       0x18 ./Drivers/STM32F4xx_HAL_Driver/Src/stm32f4xx_hal_gpio.o
                0x08001140                HAL_GPIO_EXTI_IRQHandler
 .text.HAL_RCC_OscConfig
                0x08001158      0x3c4 ./Drivers/STM32F4xx_HAL_Driver/Src/stm32f4xx_hal_rcc.o
                0x08001158                HAL_RCC_OscConfig
 .text.HAL_RCC_GetSysClockFreq
                0x0800151c       0x68 ./Drivers/STM32F4xx_HAL_Driver/Src/stm32f4xx_hal_rcc.o
                0x0800151c                HAL_RCC_GetSysClockFreq
 .text.HAL_RCC_ClockConfig
                0x08001584      0x13c ./Drivers/STM32F4xx_HAL_Driver/Src/stm32f4xx_hal_rcc.o
                0x08001584                HAL_RCC_ClockConfig
 .text.HAL_RCC_GetPCLK1Freq
                0x080016c0       0x20 ./Drivers/STM32F4xx_HAL_Driver/Src/stm32f4xx_hal_rcc.o
                0x080016c0                HAL_RCC_GetPCLK1Freq
 .text.HAL_RCC_GetPCLK2Freq
                0x080016e0       0x20 ./Drivers/STM32F4xx_HAL_Driver/Src/stm32f4xx_hal_rcc.o
                0x080016e0                HAL_RCC_GetPCLK2Freq
 .text.HAL_TIM_Base_Init
                0x08001700       0xf4 ./Drivers/STM32F4xx_HAL_Driver/Src/stm32f4xx_hal_tim.o
                0x08001700                HAL_TIM_Base_Init
 .text.HAL_TIM_Base_Start
                0x080017f4       0x5c ./Drivers/STM32F4xx_HAL_Driver/Src/stm32f4xx_hal_tim.o
                0x080017f4                HAL_TIM_Base_Start
 .text.HAL_TIM_Base_Stop
                0x08001850       0x28 ./Drivers/STM32F4xx_HAL_Driver/Src/stm32f4xx_hal_tim.o
                0x08001850                HAL_TIM_Base_Stop
 .text.HAL_TIM_SlaveConfigSynchro
                0x08001878      0x118 ./Drivers/STM32F4xx_HAL_Driver/Src/stm32f4xx_hal_tim.o
                0x08001878                HAL_TIM_SlaveConfigSynchro
 .text.HAL_TIMEx_MasterConfigSynchronization
                0x08001990       0x70 ./Drivers/STM32F4xx_HAL_Driver/Src/stm32f4xx_hal_tim_ex.o
                0x08001990                HAL_TIMEx_MasterConfigSynchronization
 .text.HAL_UART_Init
                0x08001a00      0x124 ./Drivers/STM32F4xx_HAL_Driver/Src/stm32f4xx_hal_uart.o
                0x08001a00                HAL_UART_Init
 .text.HAL_UART_Transmit_DMA
                0x08001b24       0x90 ./Drivers/STM32F4xx_HAL_Driver/Src/stm32f4xx_hal_uart.o
                0x08001b24                HAL_UART_Transmit_DMA
 .text.UART_DMATransmitCplt
                0x08001bb4       0x4c ./Drivers/STM32F4xx_HAL_Driver/Src/stm32f4xx_hal_uart.o
 .text.HAL_UART_TxHalfCpltCallback
                0x08001c00        0x4 ./Drivers/STM32F4xx_HAL_Driver/Src/stm32f4xx_hal_uart.o
                0x08001c00                HAL_UART_TxHalfCpltCallback
 .text.UART_DMATxHalfCplt
                0x08001c04        0xc ./Drivers/STM32F4xx_HAL_Driver/Src/stm32f4xx_hal_uart.o
 .text.HAL_UART_RxCpltCallback
                0x08001c10        0x4 ./Drivers/STM32F4xx_HAL_Driver/Src/stm32f4xx_hal_uart.o
                0x08001c10                HAL_UART_RxCpltCallback
 .text.HAL_UART_ErrorCallback
                0x08001c14        0x4 ./Drivers/STM32F4xx_HAL_Driver/Src/stm32f4xx_hal_uart.o
                0x08001c14                HAL_UART_ErrorCallback
 .text.UART_DMAError
                0x08001c18       0xbc ./Drivers/STM32F4xx_HAL_Driver/Src/stm32f4xx_hal_uart.o
 .text.UART_DMAAbortOnError
                0x08001cd4       0x10 ./Drivers/STM32F4xx_HAL_Driver/Src/stm32f4xx_hal_uart.o
 .text.HAL_UARTEx_RxEventCallback
                0x08001ce4        0x4 ./Drivers/STM32F4xx_HAL_Driver/Src/stm32f4xx_hal_uart.o
                0x08001ce4                HAL_UARTEx_RxEventCallback
 .text.UART_Receive_IT.part.0.isra.0
                0x08001ce8       0xc0 ./Drivers/STM32F4xx_HAL_Driver/Src/stm32f4xx_hal_uart.o
 .text.HAL_UART_IRQHandler
                0x08001da8      0x36c ./Drivers/STM32F4xx_HAL_Driver/Src/stm32f4xx_hal_uart.o
                0x08001da8                HAL_UART_IRQHandler
 .text.__libc_init_array
                0x08002114       0x48 C:/ST/STM32CubeIDE_1.15.1/STM32CubeIDE/plugins/com.st.stm32cube.ide.mcu.externaltools.gnu-tools-for-stm32.12.3.rel1.win32_1.0.100.202403111256/tools/bin/../lib/gcc/arm-none-eabi/12.3.1/../../../../arm-none-eabi/lib/thumb/v7e-m+fp/hard\libc_nano.a(libc_a-init.o)
                0x08002114                __libc_init_array
 *(.glue_7)
 .glue_7        0x0800215c        0x0 linker stubs
 *(.glue_7t)
 .glue_7t       0x0800215c        0x0 linker stubs
 *(.eh_frame)
 .eh_frame      0x0800215c        0x0 C:/ST/STM32CubeIDE_1.15.1/STM32CubeIDE/plugins/com.st.stm32cube.ide.mcu.externaltools.gnu-tools-for-stm32.12.3.rel1.win32_1.0.100.202403111256/tools/bin/../lib/gcc/arm-none-eabi/12.3.1/thumb/v7e-m+fp/hard/crtbegin.o
 *(.init)
 .init          0x0800215c        0x4 C:/ST/STM32CubeIDE_1.15.1/STM32CubeIDE/plugins/com.st.stm32cube.ide.mcu.externaltools.gnu-tools-for-stm32.12.3.rel1.win32_1.0.100.202403111256/tools/bin/../lib/gcc/arm-none-eabi/12.3.1/thumb/v7e-m+fp/hard/crti.o
                0x0800215c                _init
 .init          0x08002160        0x8 C:/ST/STM32CubeIDE_1.15.1/STM32CubeIDE/plugins/com.st.stm32cube.ide.mcu.externaltools.gnu-tools-for-stm32.12.3.rel1.win32_1.0.100.202403111256/tools/bin/../lib/gcc/arm-none-eabi/12.3.1/thumb/v7e-m+fp/hard/crtn.o
 *(.fini)
 .fini          0x08002168        0x4 C:/ST/STM32CubeIDE_1.15.1/STM32CubeIDE/plugins/com.st.stm32cube.ide.mcu.externaltools.gnu-tools-for-stm32.12.3.rel1.win32_1.0.100.202403111256/tools/bin/../lib/gcc/arm-none-eabi/12.3.1/thumb/v7e-m+fp/hard/crti.o
                0x08002168                _fini
 .fini          0x0800216c        0x8 C:/ST/STM32CubeIDE_1.15.1/STM32CubeIDE/plugins/com.st.stm32cube.ide.mcu.externaltools.gnu-tools-for-stm32.12.3.rel1.win32_1.0.100.202403111256/tools/bin/../lib/gcc/arm-none-eabi/12.3.1/thumb/v7e-m+fp/hard/crtn.o
                0x08002174                        . = ALIGN (0x4)
                0x08002174                        _etext = .

.vfp11_veneer   0x08002174        0x0
 .vfp11_veneer  0x08002174        0x0 linker stubs

.v4_bx          0x08002174        0x0
 .v4_bx         0x08002174        0x0 linker stubs

.iplt           0x08002174        0x0
 .iplt          0x08002174        0x0 C:/ST/STM32CubeIDE_1.15.1/STM32CubeIDE/plugins/com.st.stm32cube.ide.mcu.externaltools.gnu-tools-for-stm32.12.3.rel1.win32_1.0.100.202403111256/tools/bin/../lib/gcc/arm-none-eabi/12.3.1/thumb/v7e-m+fp/hard/crtbegin.o

.rodata         0x08002174       0x20
                0x08002174                        . = ALIGN (0x4)
 *(.rodata)
 *(.rodata*)
 .rodata.APBPrescTable
                0x08002174        0x8 ./Core/Src/system_stm32f4xx.o
                0x08002174                APBPrescTable
 .rodata.AHBPrescTable
                0x0800217c       0x10 ./Core/Src/system_stm32f4xx.o
                0x0800217c                AHBPrescTable
 .rodata.flagBitshiftOffset.0
                0x0800218c        0x8 ./Drivers/STM32F4xx_HAL_Driver/Src/stm32f4xx_hal_dma.o
                0x08002194                        . = ALIGN (0x4)

.ARM.extab      0x08002194        0x0
                0x08002194                        . = ALIGN (0x4)
 *(.ARM.extab* .gnu.linkonce.armextab.*)
                0x08002194                        . = ALIGN (0x4)

.ARM            0x08002194        0x8
                0x08002194                        . = ALIGN (0x4)
                0x08002194                        __exidx_start = .
 *(.ARM.exidx*)
 .ARM.exidx     0x08002194        0x8 C:/ST/STM32CubeIDE_1.15.1/STM32CubeIDE/plugins/com.st.stm32cube.ide.mcu.externaltools.gnu-tools-for-stm32.12.3.rel1.win32_1.0.100.202403111256/tools/bin/../lib/gcc/arm-none-eabi/12.3.1/thumb/v7e-m+fp/hard\libgcc.a(_udivmoddi4.o)
                0x0800219c                        __exidx_end = .
                0x0800219c                        . = ALIGN (0x4)

.preinit_array  0x0800219c        0x0
                0x0800219c                        . = ALIGN (0x4)
                0x0800219c                        PROVIDE (__preinit_array_start = .)
 *(.preinit_array*)
                0x0800219c                        PROVIDE (__preinit_array_end = .)
                0x0800219c                        . = ALIGN (0x4)

.init_array     0x0800219c        0x4
                0x0800219c                        . = ALIGN (0x4)
                0x0800219c                        PROVIDE (__init_array_start = .)
 *(SORT_BY_NAME(.init_array.*))
 *(.init_array*)
 .init_array    0x0800219c        0x4 C:/ST/STM32CubeIDE_1.15.1/STM32CubeIDE/plugins/com.st.stm32cube.ide.mcu.externaltools.gnu-tools-for-stm32.12.3.rel1.win32_1.0.100.202403111256/tools/bin/../lib/gcc/arm-none-eabi/12.3.1/thumb/v7e-m+fp/hard/crtbegin.o
                0x080021a0                        PROVIDE (__init_array_end = .)
                0x080021a0                        . = ALIGN (0x4)

.fini_array     0x080021a0        0x4
                0x080021a0                        . = ALIGN (0x4)
                [!provide]                        PROVIDE (__fini_array_start = .)
 *(SORT_BY_NAME(.fini_array.*))
 *(.fini_array*)
 .fini_array    0x080021a0        0x4 C:/ST/STM32CubeIDE_1.15.1/STM32CubeIDE/plugins/com.st.stm32cube.ide.mcu.externaltools.gnu-tools-for-stm32.12.3.rel1.win32_1.0.100.202403111256/tools/bin/../lib/gcc/arm-none-eabi/12.3.1/thumb/v7e-m+fp/hard/crtbegin.o
                [!provide]                        PROVIDE (__fini_array_end = .)
                0x080021a4                        . = ALIGN (0x4)
                0x080021a4                        _sidata = LOADADDR (.data)

.rel.dyn        0x080021a4        0x0
 .rel.iplt      0x080021a4        0x0 C:/ST/STM32CubeIDE_1.15.1/STM32CubeIDE/plugins/com.st.stm32cube.ide.mcu.externaltools.gnu-tools-for-stm32.12.3.rel1.win32_1.0.100.202403111256/tools/bin/../lib/gcc/arm-none-eabi/12.3.1/thumb/v7e-m+fp/hard/crtbegin.o

.data           0x20000000        0xc load address 0x080021a4
                0x20000000                        . = ALIGN (0x4)
                0x20000000                        _sdata = .
 *(.data)
 *(.data*)
 .data.SystemCoreClock
                0x20000000        0x4 ./Core/Src/system_stm32f4xx.o
                0x20000000                SystemCoreClock
 .data.uwTickFreq
                0x20000004        0x1 ./Drivers/STM32F4xx_HAL_Driver/Src/stm32f4xx_hal.o
                0x20000004                uwTickFreq
 *fill*         0x20000005        0x3 
 .data.uwTickPrio
                0x20000008        0x4 ./Drivers/STM32F4xx_HAL_Driver/Src/stm32f4xx_hal.o
                0x20000008                uwTickPrio
 *(.RamFunc)
 *(.RamFunc*)
                0x2000000c                        . = ALIGN (0x4)
                0x2000000c                        _edata = .

.igot.plt       0x2000000c        0x0 load address 0x080021b0
 .igot.plt      0x2000000c        0x0 C:/ST/STM32CubeIDE_1.15.1/STM32CubeIDE/plugins/com.st.stm32cube.ide.mcu.externaltools.gnu-tools-for-stm32.12.3.rel1.win32_1.0.100.202403111256/tools/bin/../lib/gcc/arm-none-eabi/12.3.1/thumb/v7e-m+fp/hard/crtbegin.o
                0x2000000c                        . = ALIGN (0x4)

.bss            0x20000010     0x4124 load address 0x080021b0
                0x20000010                        _sbss = .
                0x20000010                        __bss_start__ = _sbss
 *(.bss)
 .bss           0x20000010       0x1c C:/ST/STM32CubeIDE_1.15.1/STM32CubeIDE/plugins/com.st.stm32cube.ide.mcu.externaltools.gnu-tools-for-stm32.12.3.rel1.win32_1.0.100.202403111256/tools/bin/../lib/gcc/arm-none-eabi/12.3.1/thumb/v7e-m+fp/hard/crtbegin.o
 *(.bss*)
 .bss.last_timestamp
                0x2000002c        0x4 ./Core/Src/main.o
                0x2000002c                last_timestamp
 .bss.current_time
                0x20000030        0x4 ./Core/Src/main.o
                0x20000030                current_time
 .bss.now       0x20000034        0x4 ./Core/Src/main.o
                0x20000034                now
 .bss.level     0x20000038        0x1 ./Core/Src/main.o
                0x20000038                level
 .bss.timer_started
                0x20000039        0x1 ./Core/Src/main.o
                0x20000039                timer_started
 .bss.dma_busy  0x2000003a        0x1 ./Core/Src/main.o
                0x2000003a                dma_busy
 *fill*         0x2000003b        0x1 
 .bss.record_index
                0x2000003c        0x2 ./Core/Src/main.o
                0x2000003c                record_index
 *fill*         0x2000003e        0x2 
 .bss.record_buffer
                0x20000040     0x4000 ./Core/Src/main.o
                0x20000040                record_buffer
 .bss.hdma_usart2_tx
                0x20004040       0x60 ./Core/Src/main.o
                0x20004040                hdma_usart2_tx
 .bss.huart2    0x200040a0       0x48 ./Core/Src/main.o
                0x200040a0                huart2
 .bss.htim2     0x200040e8       0x48 ./Core/Src/main.o
                0x200040e8                htim2
 .bss.uwTick    0x20004130        0x4 ./Drivers/STM32F4xx_HAL_Driver/Src/stm32f4xx_hal.o
                0x20004130                uwTick
 *(COMMON)
                0x20004134                        . = ALIGN (0x4)
                0x20004134                        _ebss = .
                0x20004134                        __bss_end__ = _ebss

._user_heap_stack
                0x20004134      0x604 load address 0x080021b0
                0x20004138                        . = ALIGN (0x8)
 *fill*         0x20004134        0x4 
                [!provide]                        PROVIDE (end = .)
                0x20004138                        PROVIDE (_end = .)
                0x20004338                        . = (. + _Min_Heap_Size)
 *fill*         0x20004138      0x200 
                0x20004738                        . = (. + _Min_Stack_Size)
 *fill*         0x20004338      0x400 
                0x20004738                        . = ALIGN (0x8)

/DISCARD/
 libc.a(*)
 libm.a(*)
 libgcc.a(*)

.ARM.attributes
                0x00000000       0x30
 *(.ARM.attributes)
 .ARM.attributes
                0x00000000       0x22 C:/ST/STM32CubeIDE_1.15.1/STM32CubeIDE/plugins/com.st.stm32cube.ide.mcu.externaltools.gnu-tools-for-stm32.12.3.rel1.win32_1.0.100.202403111256/tools/bin/../lib/gcc/arm-none-eabi/12.3.1/thumb/v7e-m+fp/hard/crti.o
 .ARM.attributes
                0x00000022       0x34 C:/ST/STM32CubeIDE_1.15.1/STM32CubeIDE/plugins/com.st.stm32cube.ide.mcu.externaltools.gnu-tools-for-stm32.12.3.rel1.win32_1.0.100.202403111256/tools/bin/../lib/gcc/arm-none-eabi/12.3.1/thumb/v7e-m+fp/hard/crtbegin.o
 .ARM.attributes
                0x00000056       0x30 ./Core/Src/main.o
 .ARM.attributes
                0x00000086       0x30 ./Core/Src/stm32f4xx_hal_msp.o
 .ARM.attributes
                0x000000b6       0x30 ./Core/Src/stm32f4xx_it.o
 .ARM.attributes
                0x000000e6       0x30 ./Core/Src/system_stm32f4xx.o
 .ARM.attributes
                0x00000116       0x21 ./Core/Startup/startup_stm32f411retx.o
 .ARM.attributes
                0x00000137       0x30 ./Drivers/STM32F4xx_HAL_Driver/Src/stm32f4xx_hal.o
 .ARM.attributes
                0x00000167       0x30 ./Drivers/STM32F4xx_HAL_Driver/Src/stm32f4xx_hal_cortex.o
 .ARM.attributes
                0x00000197       0x30 ./Drivers/STM32F4xx_HAL_Driver/Src/stm32f4xx_hal_dma.o
 .ARM.attributes
                0x000001c7       0x30 ./Drivers/STM32F4xx_HAL_Driver/Src/stm32f4xx_hal_gpio.o
 .ARM.attributes
                0x000001f7       0x30 ./Drivers/STM32F4xx_HAL_Driver/Src/stm32f4xx_hal_rcc.o
 .ARM.attributes
                0x00000227       0x30 ./Drivers/STM32F4xx_HAL_Driver/Src/stm32f4xx_hal_tim.o
 .ARM.attributes
                0x00000257       0x30 ./Drivers/STM32F4xx_HAL_Driver/Src/stm32f4xx_hal_tim_ex.o
 .ARM.attributes
                0x00000287       0x30 ./Drivers/STM32F4xx_HAL_Driver/Src/stm32f4xx_hal_uart.o
 .ARM.attributes
                0x000002b7       0x34 C:/ST/STM32CubeIDE_1.15.1/STM32CubeIDE/plugins/com.st.stm32cube.ide.mcu.externaltools.gnu-tools-for-stm32.12.3.rel1.win32_1.0.100.202403111256/tools/bin/../lib/gcc/arm-none-eabi/12.3.1/../../../../arm-none-eabi/lib/thumb/v7e-m+fp/hard\libc_nano.a(libc_a-init.o)
 .ARM.attributes
                0x000002eb       0x22 C:/ST/STM32CubeIDE_1.15.1/STM32CubeIDE/plugins/com.st.stm32cube.ide.mcu.externaltools.gnu-tools-for-stm32.12.3.rel1.win32_1.0.100.202403111256/tools/bin/../lib/gcc/arm-none-eabi/12.3.1/thumb/v7e-m+fp/hard\libgcc.a(_aeabi_uldivmod.o)
 .ARM.attributes
                0x0000030d       0x34 C:/ST/STM32CubeIDE_1.15.1/STM32CubeIDE/plugins/com.st.stm32cube.ide.mcu.externaltools.gnu-tools-for-stm32.12.3.rel1.win32_1.0.100.202403111256/tools/bin/../lib/gcc/arm-none-eabi/12.3.1/thumb/v7e-m+fp/hard\libgcc.a(_udivmoddi4.o)
 .ARM.attributes
                0x00000341       0x22 C:/ST/STM32CubeIDE_1.15.1/STM32CubeIDE/plugins/com.st.stm32cube.ide.mcu.externaltools.gnu-tools-for-stm32.12.3.rel1.win32_1.0.100.202403111256/tools/bin/../lib/gcc/arm-none-eabi/12.3.1/thumb/v7e-m+fp/hard\libgcc.a(_dvmd_tls.o)
 .ARM.attributes
                0x00000363       0x22 C:/ST/STM32CubeIDE_1.15.1/STM32CubeIDE/plugins/com.st.stm32cube.ide.mcu.externaltools.gnu-tools-for-stm32.12.3.rel1.win32_1.0.100.202403111256/tools/bin/../lib/gcc/arm-none-eabi/12.3.1/thumb/v7e-m+fp/hard/crtn.o
OUTPUT(CAN_Reader.elf elf32-littlearm)
LOAD linker stubs
LOAD C:/ST/STM32CubeIDE_1.15.1/STM32CubeIDE/plugins/com.st.stm32cube.ide.mcu.externaltools.gnu-tools-for-stm32.12.3.rel1.win32_1.0.100.202403111256/tools/bin/../lib/gcc/arm-none-eabi/12.3.1/../../../../arm-none-eabi/lib/thumb/v7e-m+fp/hard\libc.a
LOAD C:/ST/STM32CubeIDE_1.15.1/STM32CubeIDE/plugins/com.st.stm32cube.ide.mcu.externaltools.gnu-tools-for-stm32.12.3.rel1.win32_1.0.100.202403111256/tools/bin/../lib/gcc/arm-none-eabi/12.3.1/../../../../arm-none-eabi/lib/thumb/v7e-m+fp/hard\libm.a
LOAD C:/ST/STM32CubeIDE_1.15.1/STM32CubeIDE/plugins/com.st.stm32cube.ide.mcu.externaltools.gnu-tools-for-stm32.12.3.rel1.win32_1.0.100.202403111256/tools/bin/../lib/gcc/arm-none-eabi/12.3.1/thumb/v7e-m+fp/hard\libgcc.a

.debug_info     0x00000000    0x11bd6
 .debug_info    0x00000000     0x16c9 ./Core/Src/main.o
 .debug_info    0x000016c9      0xfce ./Core/Src/stm32f4xx_hal_msp.o
 .debug_info    0x00002697      0x6c1 ./Core/Src/stm32f4xx_it.o
 .debug_info    0x00002d58      0x557 ./Core/Src/system_stm32f4xx.o
 .debug_info    0x000032af       0x30 ./Core/Startup/startup_stm32f411retx.o
 .debug_info    0x000032df      0x99c ./Drivers/STM32F4xx_HAL_Driver/Src/stm32f4xx_hal.o
 .debug_info    0x00003c7b      0xf93 ./Drivers/STM32F4xx_HAL_Driver/Src/stm32f4xx_hal_cortex.o
 .debug_info    0x00004c0e      0xb21 ./Drivers/STM32F4xx_HAL_Driver/Src/stm32f4xx_hal_dma.o
 .debug_info    0x0000572f      0x742 ./Drivers/STM32F4xx_HAL_Driver/Src/stm32f4xx_hal_gpio.o
 .debug_info    0x00005e71      0xb26 ./Drivers/STM32F4xx_HAL_Driver/Src/stm32f4xx_hal_rcc.o
 .debug_info    0x00006997     0x4e29 ./Drivers/STM32F4xx_HAL_Driver/Src/stm32f4xx_hal_tim.o
 .debug_info    0x0000b7c0     0x1bd8 ./Drivers/STM32F4xx_HAL_Driver/Src/stm32f4xx_hal_tim_ex.o
 .debug_info    0x0000d398     0x483e ./Drivers/STM32F4xx_HAL_Driver/Src/stm32f4xx_hal_uart.o

.debug_abbrev   0x00000000     0x23b0
 .debug_abbrev  0x00000000      0x3f3 ./Core/Src/main.o
 .debug_abbrev  0x000003f3      0x260 ./Core/Src/stm32f4xx_hal_msp.o
 .debug_abbrev  0x00000653      0x1f0 ./Core/Src/stm32f4xx_it.o
 .debug_abbrev  0x00000843      0x120 ./Core/Src/system_stm32f4xx.o
 .debug_abbrev  0x00000963       0x24 ./Core/Startup/startup_stm32f411retx.o
 .debug_abbrev  0x00000987      0x2bc ./Drivers/STM32F4xx_HAL_Driver/Src/stm32f4xx_hal.o
 .debug_abbrev  0x00000c43      0x388 ./Drivers/STM32F4xx_HAL_Driver/Src/stm32f4xx_hal_cortex.o
 .debug_abbrev  0x00000fcb      0x2f4 ./Drivers/STM32F4xx_HAL_Driver/Src/stm32f4xx_hal_dma.o
 .debug_abbrev  0x000012bf      0x214 ./Drivers/STM32F4xx_HAL_Driver/Src/stm32f4xx_hal_gpio.o
 .debug_abbrev  0x000014d3      0x351 ./Drivers/STM32F4xx_HAL_Driver/Src/stm32f4xx_hal_rcc.o
 .debug_abbrev  0x00001824      0x3a5 ./Drivers/STM32F4xx_HAL_Driver/Src/stm32f4xx_hal_tim.o
 .debug_abbrev  0x00001bc9      0x3a1 ./Drivers/STM32F4xx_HAL_Driver/Src/stm32f4xx_hal_tim_ex.o
 .debug_abbrev  0x00001f6a      0x446 ./Drivers/STM32F4xx_HAL_Driver/Src/stm32f4xx_hal_uart.o

.debug_loclists
                0x00000000     0x9a09
 .debug_loclists
                0x00000000       0x8c ./Core/Src/main.o
 .debug_loclists
                0x0000008c       0x3f ./Core/Src/stm32f4xx_hal_msp.o
 .debug_loclists
                0x000000cb       0x7b ./Core/Src/system_stm32f4xx.o
 .debug_loclists
                0x00000146       0xe2 ./Drivers/STM32F4xx_HAL_Driver/Src/stm32f4xx_hal.o
 .debug_loclists
                0x00000228      0x4d3 ./Drivers/STM32F4xx_HAL_Driver/Src/stm32f4xx_hal_cortex.o
 .debug_loclists
                0x000006fb      0x63f ./Drivers/STM32F4xx_HAL_Driver/Src/stm32f4xx_hal_dma.o
 .debug_loclists
                0x00000d3a      0x389 ./Drivers/STM32F4xx_HAL_Driver/Src/stm32f4xx_hal_gpio.o
 .debug_loclists
                0x000010c3      0x354 ./Drivers/STM32F4xx_HAL_Driver/Src/stm32f4xx_hal_rcc.o
 .debug_loclists
                0x00001417     0x46d6 ./Drivers/STM32F4xx_HAL_Driver/Src/stm32f4xx_hal_tim.o
 .debug_loclists
                0x00005aed      0xfa5 ./Drivers/STM32F4xx_HAL_Driver/Src/stm32f4xx_hal_tim_ex.o
 .debug_loclists
                0x00006a92     0x2f77 ./Drivers/STM32F4xx_HAL_Driver/Src/stm32f4xx_hal_uart.o

.debug_aranges  0x00000000      0xb10
 .debug_aranges
                0x00000000       0x48 ./Core/Src/main.o
 .debug_aranges
                0x00000048       0x40 ./Core/Src/stm32f4xx_hal_msp.o
 .debug_aranges
                0x00000088       0x78 ./Core/Src/stm32f4xx_it.o
 .debug_aranges
                0x00000100       0x28 ./Core/Src/system_stm32f4xx.o
 .debug_aranges
                0x00000128       0x28 ./Core/Startup/startup_stm32f411retx.o
 .debug_aranges
                0x00000150       0xf0 ./Drivers/STM32F4xx_HAL_Driver/Src/stm32f4xx_hal.o
 .debug_aranges
                0x00000240       0xc0 ./Drivers/STM32F4xx_HAL_Driver/Src/stm32f4xx_hal_cortex.o
 .debug_aranges
                0x00000300       0x78 ./Drivers/STM32F4xx_HAL_Driver/Src/stm32f4xx_hal_dma.o
 .debug_aranges
                0x00000378       0x58 ./Drivers/STM32F4xx_HAL_Driver/Src/stm32f4xx_hal_gpio.o
 .debug_aranges
                0x000003d0       0x88 ./Drivers/STM32F4xx_HAL_Driver/Src/stm32f4xx_hal_rcc.o
 .debug_aranges
                0x00000458      0x380 ./Drivers/STM32F4xx_HAL_Driver/Src/stm32f4xx_hal_tim.o
 .debug_aranges
                0x000007d8      0x160 ./Drivers/STM32F4xx_HAL_Driver/Src/stm32f4xx_hal_tim_ex.o
 .debug_aranges
                0x00000938      0x1d8 ./Drivers/STM32F4xx_HAL_Driver/Src/stm32f4xx_hal_uart.o

.debug_rnglists
                0x00000000      0xefe
 .debug_rnglists
                0x00000000       0xc5 ./Core/Src/main.o
 .debug_rnglists
                0x000000c5       0x5c ./Core/Src/stm32f4xx_hal_msp.o
 .debug_rnglists
                0x00000121       0x55 ./Core/Src/stm32f4xx_it.o
 .debug_rnglists
                0x00000176       0x19 ./Core/Src/system_stm32f4xx.o
 .debug_rnglists
                0x0000018f       0x19 ./Core/Startup/startup_stm32f411retx.o
 .debug_rnglists
                0x000001a8       0xaf ./Drivers/STM32F4xx_HAL_Driver/Src/stm32f4xx_hal.o
 .debug_rnglists
                0x00000257      0x100 ./Drivers/STM32F4xx_HAL_Driver/Src/stm32f4xx_hal_cortex.o
 .debug_rnglists
                0x00000357       0x9f ./Drivers/STM32F4xx_HAL_Driver/Src/stm32f4xx_hal_dma.o
 .debug_rnglists
                0x000003f6       0x4b ./Drivers/STM32F4xx_HAL_Driver/Src/stm32f4xx_hal_gpio.o
 .debug_rnglists
                0x00000441       0xca ./Drivers/STM32F4xx_HAL_Driver/Src/stm32f4xx_hal_rcc.o
 .debug_rnglists
                0x0000050b      0x5ba ./Drivers/STM32F4xx_HAL_Driver/Src/stm32f4xx_hal_tim.o
 .debug_rnglists
                0x00000ac5      0x188 ./Drivers/STM32F4xx_HAL_Driver/Src/stm32f4xx_hal_tim_ex.o
 .debug_rnglists
                0x00000c4d      0x2b1 ./Drivers/STM32F4xx_HAL_Driver/Src/stm32f4xx_hal_uart.o

.debug_macro    0x00000000    0x157cc
 .debug_macro   0x00000000      0x1e4 ./Core/Src/main.o
 .debug_macro   0x000001e4      0xad8 ./Core/Src/main.o
 .debug_macro   0x00000cbc      0x29b ./Core/Src/main.o
 .debug_macro   0x00000f57       0x2e ./Core/Src/main.o
 .debug_macro   0x00000f85       0x28 ./Core/Src/main.o
 .debug_macro   0x00000fad       0x22 ./Core/Src/main.o
 .debug_macro   0x00000fcf       0x8e ./Core/Src/main.o
 .debug_macro   0x0000105d       0x51 ./Core/Src/main.o
 .debug_macro   0x000010ae      0x103 ./Core/Src/main.o
 .debug_macro   0x000011b1       0x6a ./Core/Src/main.o
 .debug_macro   0x0000121b      0x1df ./Core/Src/main.o
 .debug_macro   0x000013fa       0x1c ./Core/Src/main.o
 .debug_macro   0x00001416       0x22 ./Core/Src/main.o
 .debug_macro   0x00001438       0xfb ./Core/Src/main.o
 .debug_macro   0x00001533     0x1011 ./Core/Src/main.o
 .debug_macro   0x00002544      0x11f ./Core/Src/main.o
 .debug_macro   0x00002663     0xb968 ./Core/Src/main.o
 .debug_macro   0x0000dfcb       0x6d ./Core/Src/main.o
 .debug_macro   0x0000e038     0x3693 ./Core/Src/main.o
 .debug_macro   0x000116cb      0x189 ./Core/Src/main.o
 .debug_macro   0x00011854       0x5c ./Core/Src/main.o
 .debug_macro   0x000118b0      0x45c ./Core/Src/main.o
 .debug_macro   0x00011d0c      0x9e9 ./Core/Src/main.o
 .debug_macro   0x000126f5      0x115 ./Core/Src/main.o
 .debug_macro   0x0001280a      0x11b ./Core/Src/main.o
 .debug_macro   0x00012925       0xa5 ./Core/Src/main.o
 .debug_macro   0x000129ca      0x15f ./Core/Src/main.o
 .debug_macro   0x00012b29      0x287 ./Core/Src/main.o
 .debug_macro   0x00012db0       0x5f ./Core/Src/main.o
 .debug_macro   0x00012e0f      0x236 ./Core/Src/main.o
 .debug_macro   0x00013045      0x132 ./Core/Src/main.o
 .debug_macro   0x00013177      0x264 ./Core/Src/main.o
 .debug_macro   0x000133db       0x2e ./Core/Src/main.o
 .debug_macro   0x00013409      0x127 ./Core/Src/main.o
 .debug_macro   0x00013530       0x85 ./Core/Src/main.o
 .debug_macro   0x000135b5       0x89 ./Core/Src/main.o
 .debug_macro   0x0001363e      0x8ed ./Core/Src/main.o
 .debug_macro   0x00013f2b       0x47 ./Core/Src/main.o
 .debug_macro   0x00013f72      0x2aa ./Core/Src/main.o
 .debug_macro   0x0001421c      0x126 ./Core/Src/main.o
 .debug_macro   0x00014342      0x1d8 ./Core/Src/stm32f4xx_hal_msp.o
 .debug_macro   0x0001451a      0x1e2 ./Core/Src/stm32f4xx_it.o
 .debug_macro   0x000146fc      0x1ce ./Core/Src/system_stm32f4xx.o
 .debug_macro   0x000148ca      0x22e ./Drivers/STM32F4xx_HAL_Driver/Src/stm32f4xx_hal.o
 .debug_macro   0x00014af8      0x1ce ./Drivers/STM32F4xx_HAL_Driver/Src/stm32f4xx_hal_cortex.o
 .debug_macro   0x00014cc6      0x1d4 ./Drivers/STM32F4xx_HAL_Driver/Src/stm32f4xx_hal_dma.o
 .debug_macro   0x00014e9a      0x1d4 ./Drivers/STM32F4xx_HAL_Driver/Src/stm32f4xx_hal_gpio.o
 .debug_macro   0x0001506e      0x1f2 ./Drivers/STM32F4xx_HAL_Driver/Src/stm32f4xx_hal_rcc.o
 .debug_macro   0x00015260      0x1cf ./Drivers/STM32F4xx_HAL_Driver/Src/stm32f4xx_hal_tim.o
 .debug_macro   0x0001542f      0x1ce ./Drivers/STM32F4xx_HAL_Driver/Src/stm32f4xx_hal_tim_ex.o
 .debug_macro   0x000155fd      0x1cf ./Drivers/STM32F4xx_HAL_Driver/Src/stm32f4xx_hal_uart.o

.debug_line     0x00000000    0x13aa4
 .debug_line    0x00000000      0xc78 ./Core/Src/main.o
 .debug_line    0x00000c78      0x8b9 ./Core/Src/stm32f4xx_hal_msp.o
 .debug_line    0x00001531      0x889 ./Core/Src/stm32f4xx_it.o
 .debug_line    0x00001dba      0x7e4 ./Core/Src/system_stm32f4xx.o
 .debug_line    0x0000259e       0x7a ./Core/Startup/startup_stm32f411retx.o
 .debug_line    0x00002618      0xb04 ./Drivers/STM32F4xx_HAL_Driver/Src/stm32f4xx_hal.o
 .debug_line    0x0000311c      0xdcc ./Drivers/STM32F4xx_HAL_Driver/Src/stm32f4xx_hal_cortex.o
 .debug_line    0x00003ee8     0x14af ./Drivers/STM32F4xx_HAL_Driver/Src/stm32f4xx_hal_dma.o
 .debug_line    0x00005397      0xd63 ./Drivers/STM32F4xx_HAL_Driver/Src/stm32f4xx_hal_gpio.o
 .debug_line    0x000060fa     0x1125 ./Drivers/STM32F4xx_HAL_Driver/Src/stm32f4xx_hal_rcc.o
 .debug_line    0x0000721f     0x6285 ./Drivers/STM32F4xx_HAL_Driver/Src/stm32f4xx_hal_tim.o
 .debug_line    0x0000d4a4     0x1e71 ./Drivers/STM32F4xx_HAL_Driver/Src/stm32f4xx_hal_tim_ex.o
 .debug_line    0x0000f315     0x478f ./Drivers/STM32F4xx_HAL_Driver/Src/stm32f4xx_hal_uart.o

.debug_str      0x00000000    0x8a8a8
 .debug_str     0x00000000    0x87d66 ./Core/Src/main.o
                              0x880e9 (size before relaxing)
 .debug_str     0x00087d66       0xb2 ./Core/Src/stm32f4xx_hal_msp.o
                              0x87da1 (size before relaxing)
 .debug_str     0x00087e18      0x144 ./Core/Src/stm32f4xx_it.o
                              0x875b2 (size before relaxing)
 .debug_str     0x00087f5c       0xdb ./Core/Src/system_stm32f4xx.o
                              0x871da (size before relaxing)
 .debug_str     0x00088037       0x44 ./Core/Startup/startup_stm32f411retx.o
                                 0x82 (size before relaxing)
 .debug_str     0x0008807b      0x617 ./Drivers/STM32F4xx_HAL_Driver/Src/stm32f4xx_hal.o
                              0x87c06 (size before relaxing)
 .debug_str     0x00088692      0x36b ./Drivers/STM32F4xx_HAL_Driver/Src/stm32f4xx_hal_cortex.o
                              0x87970 (size before relaxing)
 .debug_str     0x000889fd      0x2f4 ./Drivers/STM32F4xx_HAL_Driver/Src/stm32f4xx_hal_dma.o
                              0x875e2 (size before relaxing)
 .debug_str     0x00088cf1      0x124 ./Drivers/STM32F4xx_HAL_Driver/Src/stm32f4xx_hal_gpio.o
                              0x87355 (size before relaxing)
 .debug_str     0x00088e15      0x244 ./Drivers/STM32F4xx_HAL_Driver/Src/stm32f4xx_hal_rcc.o
                              0x8761f (size before relaxing)
 .debug_str     0x00089059      0xde7 ./Drivers/STM32F4xx_HAL_Driver/Src/stm32f4xx_hal_tim.o
                              0x88552 (size before relaxing)
 .debug_str     0x00089e40      0x493 ./Drivers/STM32F4xx_HAL_Driver/Src/stm32f4xx_hal_tim_ex.o
                              0x87d5e (size before relaxing)
 .debug_str     0x0008a2d3      0x5d5 ./Drivers/STM32F4xx_HAL_Driver/Src/stm32f4xx_hal_uart.o
                              0x87bee (size before relaxing)

.comment        0x00000000       0x43
 .comment       0x00000000       0x43 ./Core/Src/main.o
                                 0x44 (size before relaxing)
 .comment       0x00000043       0x44 ./Core/Src/stm32f4xx_hal_msp.o
 .comment       0x00000043       0x44 ./Core/Src/stm32f4xx_it.o
 .comment       0x00000043       0x44 ./Core/Src/system_stm32f4xx.o
 .comment       0x00000043       0x44 ./Drivers/STM32F4xx_HAL_Driver/Src/stm32f4xx_hal.o
 .comment       0x00000043       0x44 ./Drivers/STM32F4xx_HAL_Driver/Src/stm32f4xx_hal_cortex.o
 .comment       0x00000043       0x44 ./Drivers/STM32F4xx_HAL_Driver/Src/stm32f4xx_hal_dma.o
 .comment       0x00000043       0x44 ./Drivers/STM32F4xx_HAL_Driver/Src/stm32f4xx_hal_gpio.o
 .comment       0x00000043       0x44 ./Drivers/STM32F4xx_HAL_Driver/Src/stm32f4xx_hal_rcc.o
 .comment       0x00000043       0x44 ./Drivers/STM32F4xx_HAL_Driver/Src/stm32f4xx_hal_tim.o
 .comment       0x00000043       0x44 ./Drivers/STM32F4xx_HAL_Driver/Src/stm32f4xx_hal_tim_ex.o
 .comment       0x00000043       0x44 ./Drivers/STM32F4xx_HAL_Driver/Src/stm32f4xx_hal_uart.o

.debug_frame    0x00000000     0x1f1c
 .debug_frame   0x00000000       0xa4 ./Core/Src/main.o
 .debug_frame   0x000000a4       0x98 ./Core/Src/stm32f4xx_hal_msp.o
 .debug_frame   0x0000013c       0xd0 ./Core/Src/stm32f4xx_it.o
 .debug_frame   0x0000020c       0x30 ./Core/Src/system_stm32f4xx.o
 .debug_frame   0x0000023c      0x1f4 ./Drivers/STM32F4xx_HAL_Driver/Src/stm32f4xx_hal.o
 .debug_frame   0x00000430      0x188 ./Drivers/STM32F4xx_HAL_Driver/Src/stm32f4xx_hal_cortex.o
 .debug_frame   0x000005b8      0x17c ./Drivers/STM32F4xx_HAL_Driver/Src/stm32f4xx_hal_dma.o
 .debug_frame   0x00000734       0xd8 ./Drivers/STM32F4xx_HAL_Driver/Src/stm32f4xx_hal_gpio.o
 .debug_frame   0x0000080c      0x178 ./Drivers/STM32F4xx_HAL_Driver/Src/stm32f4xx_hal_rcc.o
 .debug_frame   0x00000984      0xb08 ./Drivers/STM32F4xx_HAL_Driver/Src/stm32f4xx_hal_tim.o
 .debug_frame   0x0000148c      0x418 ./Drivers/STM32F4xx_HAL_Driver/Src/stm32f4xx_hal_tim_ex.o
 .debug_frame   0x000018a4      0x5ec ./Drivers/STM32F4xx_HAL_Driver/Src/stm32f4xx_hal_uart.o
 .debug_frame   0x00001e90       0x2c C:/ST/STM32CubeIDE_1.15.1/STM32CubeIDE/plugins/com.st.stm32cube.ide.mcu.externaltools.gnu-tools-for-stm32.12.3.rel1.win32_1.0.100.202403111256/tools/bin/../lib/gcc/arm-none-eabi/12.3.1/../../../../arm-none-eabi/lib/thumb/v7e-m+fp/hard\libc_nano.a(libc_a-init.o)
 .debug_frame   0x00001ebc       0x2c C:/ST/STM32CubeIDE_1.15.1/STM32CubeIDE/plugins/com.st.stm32cube.ide.mcu.externaltools.gnu-tools-for-stm32.12.3.rel1.win32_1.0.100.202403111256/tools/bin/../lib/gcc/arm-none-eabi/12.3.1/thumb/v7e-m+fp/hard\libgcc.a(_aeabi_uldivmod.o)
 .debug_frame   0x00001ee8       0x34 C:/ST/STM32CubeIDE_1.15.1/STM32CubeIDE/plugins/com.st.stm32cube.ide.mcu.externaltools.gnu-tools-for-stm32.12.3.rel1.win32_1.0.100.202403111256/tools/bin/../lib/gcc/arm-none-eabi/12.3.1/thumb/v7e-m+fp/hard\libgcc.a(_udivmoddi4.o)

.debug_line_str
                0x00000000       0x66
 .debug_line_str
                0x00000000       0x66 ./Core/Startup/startup_stm32f411retx.o
