Archive member included to satisfy reference by file (symbol)

C:/ST/STM32CubeIDE_1.15.1/STM32CubeIDE/plugins/com.st.stm32cube.ide.mcu.externaltools.gnu-tools-for-stm32.12.3.rel1.win32_1.0.100.202403111256/tools/bin/../lib/gcc/arm-none-eabi/12.3.1/../../../../arm-none-eabi/lib/thumb/v8-m.main+fp/hard\libc_nano.a(libc_a-exit.o)
                              C:/ST/STM32CubeIDE_1.15.1/STM32CubeIDE/plugins/com.st.stm32cube.ide.mcu.externaltools.gnu-tools-for-stm32.12.3.rel1.win32_1.0.100.202403111256/tools/bin/../lib/gcc/arm-none-eabi/12.3.1/../../../../arm-none-eabi/lib/thumb/v8-m.main+fp/hard/crt0.o (exit)
C:/ST/STM32CubeIDE_1.15.1/STM32CubeIDE/plugins/com.st.stm32cube.ide.mcu.externaltools.gnu-tools-for-stm32.12.3.rel1.win32_1.0.100.202403111256/tools/bin/../lib/gcc/arm-none-eabi/12.3.1/../../../../arm-none-eabi/lib/thumb/v8-m.main+fp/hard\libc_nano.a(libc_a-findfp.o)
                              C:/ST/STM32CubeIDE_1.15.1/STM32CubeIDE/plugins/com.st.stm32cube.ide.mcu.externaltools.gnu-tools-for-stm32.12.3.rel1.win32_1.0.100.202403111256/tools/bin/../lib/gcc/arm-none-eabi/12.3.1/../../../../arm-none-eabi/lib/thumb/v8-m.main+fp/hard\libc_nano.a(libc_a-exit.o) (__stdio_exit_handler)
C:/ST/STM32CubeIDE_1.15.1/STM32CubeIDE/plugins/com.st.stm32cube.ide.mcu.externaltools.gnu-tools-for-stm32.12.3.rel1.win32_1.0.100.202403111256/tools/bin/../lib/gcc/arm-none-eabi/12.3.1/../../../../arm-none-eabi/lib/thumb/v8-m.main+fp/hard\libc_nano.a(libc_a-fwalk.o)
                              C:/ST/STM32CubeIDE_1.15.1/STM32CubeIDE/plugins/com.st.stm32cube.ide.mcu.externaltools.gnu-tools-for-stm32.12.3.rel1.win32_1.0.100.202403111256/tools/bin/../lib/gcc/arm-none-eabi/12.3.1/../../../../arm-none-eabi/lib/thumb/v8-m.main+fp/hard\libc_nano.a(libc_a-findfp.o) (_fwalk_sglue)
C:/ST/STM32CubeIDE_1.15.1/STM32CubeIDE/plugins/com.st.stm32cube.ide.mcu.externaltools.gnu-tools-for-stm32.12.3.rel1.win32_1.0.100.202403111256/tools/bin/../lib/gcc/arm-none-eabi/12.3.1/../../../../arm-none-eabi/lib/thumb/v8-m.main+fp/hard\libc_nano.a(libc_a-stdio.o)
                              C:/ST/STM32CubeIDE_1.15.1/STM32CubeIDE/plugins/com.st.stm32cube.ide.mcu.externaltools.gnu-tools-for-stm32.12.3.rel1.win32_1.0.100.202403111256/tools/bin/../lib/gcc/arm-none-eabi/12.3.1/../../../../arm-none-eabi/lib/thumb/v8-m.main+fp/hard\libc_nano.a(libc_a-findfp.o) (__sread)
C:/ST/STM32CubeIDE_1.15.1/STM32CubeIDE/plugins/com.st.stm32cube.ide.mcu.externaltools.gnu-tools-for-stm32.12.3.rel1.win32_1.0.100.202403111256/tools/bin/../lib/gcc/arm-none-eabi/12.3.1/../../../../arm-none-eabi/lib/thumb/v8-m.main+fp/hard\libc_nano.a(libc_a-memset.o)
                              C:/ST/STM32CubeIDE_1.15.1/STM32CubeIDE/plugins/com.st.stm32cube.ide.mcu.externaltools.gnu-tools-for-stm32.12.3.rel1.win32_1.0.100.202403111256/tools/bin/../lib/gcc/arm-none-eabi/12.3.1/../../../../arm-none-eabi/lib/thumb/v8-m.main+fp/hard/crt0.o (memset)
C:/ST/STM32CubeIDE_1.15.1/STM32CubeIDE/plugins/com.st.stm32cube.ide.mcu.externaltools.gnu-tools-for-stm32.12.3.rel1.win32_1.0.100.202403111256/tools/bin/../lib/gcc/arm-none-eabi/12.3.1/../../../../arm-none-eabi/lib/thumb/v8-m.main+fp/hard\libc_nano.a(libc_a-closer.o)
                              C:/ST/STM32CubeIDE_1.15.1/STM32CubeIDE/plugins/com.st.stm32cube.ide.mcu.externaltools.gnu-tools-for-stm32.12.3.rel1.win32_1.0.100.202403111256/tools/bin/../lib/gcc/arm-none-eabi/12.3.1/../../../../arm-none-eabi/lib/thumb/v8-m.main+fp/hard\libc_nano.a(libc_a-stdio.o) (_close_r)
C:/ST/STM32CubeIDE_1.15.1/STM32CubeIDE/plugins/com.st.stm32cube.ide.mcu.externaltools.gnu-tools-for-stm32.12.3.rel1.win32_1.0.100.202403111256/tools/bin/../lib/gcc/arm-none-eabi/12.3.1/../../../../arm-none-eabi/lib/thumb/v8-m.main+fp/hard\libc_nano.a(libc_a-reent.o)
                              C:/ST/STM32CubeIDE_1.15.1/STM32CubeIDE/plugins/com.st.stm32cube.ide.mcu.externaltools.gnu-tools-for-stm32.12.3.rel1.win32_1.0.100.202403111256/tools/bin/../lib/gcc/arm-none-eabi/12.3.1/../../../../arm-none-eabi/lib/thumb/v8-m.main+fp/hard\libc_nano.a(libc_a-closer.o) (errno)
C:/ST/STM32CubeIDE_1.15.1/STM32CubeIDE/plugins/com.st.stm32cube.ide.mcu.externaltools.gnu-tools-for-stm32.12.3.rel1.win32_1.0.100.202403111256/tools/bin/../lib/gcc/arm-none-eabi/12.3.1/../../../../arm-none-eabi/lib/thumb/v8-m.main+fp/hard\libc_nano.a(libc_a-impure.o)
                              C:/ST/STM32CubeIDE_1.15.1/STM32CubeIDE/plugins/com.st.stm32cube.ide.mcu.externaltools.gnu-tools-for-stm32.12.3.rel1.win32_1.0.100.202403111256/tools/bin/../lib/gcc/arm-none-eabi/12.3.1/../../../../arm-none-eabi/lib/thumb/v8-m.main+fp/hard\libc_nano.a(libc_a-reent.o) (_impure_ptr)
C:/ST/STM32CubeIDE_1.15.1/STM32CubeIDE/plugins/com.st.stm32cube.ide.mcu.externaltools.gnu-tools-for-stm32.12.3.rel1.win32_1.0.100.202403111256/tools/bin/../lib/gcc/arm-none-eabi/12.3.1/../../../../arm-none-eabi/lib/thumb/v8-m.main+fp/hard\libc_nano.a(libc_a-lseekr.o)
[...]
Memory Configuration

Name             Origin             Length             Attributes
RAM              0x20000000         0x00008000         xrw
FLASH            0x08000000         0x00020000         xr
*default*        0x00000000         0xffffffff

Linker script and memory map

LOAD C:/ST/STM32CubeIDE_1.15.1/STM32CubeIDE/plugins/com.st.stm32cube.ide.mcu.externaltools.gnu-tools-for-stm32.12.3.rel1.win32_1.0.100.202403111256/tools/bin/../lib/gcc/arm-none-eabi/12.3.1/thumb/v8-m.main+fp/hard/crti.o
LOAD C:/ST/STM32CubeIDE_1.15.1/STM32CubeIDE/plugins/com.st.stm32cube.ide.mcu.externaltools.gnu-tools-for-stm32.12.3.rel1.win32_1.0.100.202403111256/tools/bin/../lib/gcc/arm-none-eabi/12.3.1/thumb/v8-m.main+fp/hard/crtbegin.o
LOAD C:/ST/STM32CubeIDE_1.15.1/STM32CubeIDE/plugins/com.st.stm32cube.ide.mcu.externaltools.gnu-tools-for-stm32.12.3.rel1.win32_1.0.100.202403111256/tools/bin/../lib/gcc/arm-none-eabi/12.3.1/../../../../arm-none-eabi/lib/thumb/v8-m.main+fp/hard/crt0.o
LOAD ./Core/Src/main.o
LOAD ./Core/Src/stm32h5xx_hal_msp.o
LOAD ./Core/Src/stm32h5xx_it.o
LOAD ./Core/Src/syscalls.o
LOAD ./Core/Src/sysmem.o
LOAD ./Core/Src/system_stm32h5xx.o
LOAD ./Core/Startup/startup_stm32h503rbtx.o
LOAD ./Drivers/STM32H5xx_HAL_Driver/Src/stm32h5xx_hal.o
LOAD ./Drivers/STM32H5xx_HAL_Driver/Src/stm32h5xx_hal_cortex.o
LOAD ./Drivers/STM32H5xx_HAL_Driver/Src/stm32h5xx_hal_crc.o
LOAD ./Drivers/STM32H5xx_HAL_Driver/Src/stm32h5xx_hal_crc_ex.o
LOAD ./Drivers/STM32H5xx_HAL_Driver/Src/stm32h5xx_hal_dma.o
LOAD ./Drivers/STM32H5xx_HAL_Driver/Src/stm32h5xx_hal_dma_ex.o
LOAD ./Drivers/STM32H5xx_HAL_Driver/Src/stm32h5xx_hal_exti.o
LOAD ./Drivers/STM32H5xx_HAL_Driver/Src/stm32h5xx_hal_fdcan.o
LOAD ./Drivers/STM32H5xx_HAL_Driver/Src/stm32h5xx_hal_flash.o
LOAD ./Drivers/STM32H5xx_HAL_Driver/Src/stm32h5xx_hal_flash_ex.o
LOAD ./Drivers/STM32H5xx_HAL_Driver/Src/stm32h5xx_hal_gpio.o
LOAD ./Drivers/STM32H5xx_HAL_Driver/Src/stm32h5xx_hal_icache.o
LOAD ./Drivers/STM32H5xx_HAL_Driver/Src/stm32h5xx_hal_pwr.o
LOAD ./Drivers/STM32H5xx_HAL_Driver/Src/stm32h5xx_hal_pwr_ex.o
LOAD ./Drivers/STM32H5xx_HAL_Driver/Src/stm32h5xx_hal_rcc.o
LOAD ./Drivers/STM32H5xx_HAL_Driver/Src/stm32h5xx_hal_rcc_ex.o
LOAD ./Drivers/STM32H5xx_HAL_Driver/Src/stm32h5xx_hal_tim.o
LOAD ./Drivers/STM32H5xx_HAL_Driver/Src/stm32h5xx_hal_tim_ex.o
START GROUP
LOAD C:/ST/STM32CubeIDE_1.15.1/STM32CubeIDE/plugins/com.st.stm32cube.ide.mcu.externaltools.gnu-tools-for-stm32.12.3.rel1.win32_1.0.100.202403111256/tools/bin/../lib/gcc/arm-none-eabi/12.3.1/../../../../arm-none-eabi/lib/thumb/v8-m.main+fp/hard\libc_nano.a
LOAD C:/ST/STM32CubeIDE_1.15.1/STM32CubeIDE/plugins/com.st.stm32cube.ide.mcu.externaltools.gnu-tools-for-stm32.12.3.rel1.win32_1.0.100.202403111256/tools/bin/../lib/gcc/arm-none-eabi/12.3.1/../../../../arm-none-eabi/lib/thumb/v8-m.main+fp/hard\libm.a
END GROUP
START GROUP
LOAD C:/ST/STM32CubeIDE_1.15.1/STM32CubeIDE/plugins/com.st.stm32cube.ide.mcu.externaltools.gnu-tools-for-stm32.12.3.rel1.win32_1.0.100.202403111256/tools/bin/../lib/gcc/arm-none-eabi/12.3.1/thumb/v8-m.main+fp/hard\libgcc.a
LOAD C:/ST/STM32CubeIDE_1.15.1/STM32CubeIDE/plugins/com.st.stm32cube.ide.mcu.externaltools.gnu-tools-for-stm32.12.3.rel1.win32_1.0.100.202403111256/tools/bin/../lib/gcc/arm-none-eabi/12.3.1/../../../../arm-none-eabi/lib/thumb/v8-m.main+fp/hard\libc_nano.a
END GROUP
START GROUP
LOAD C:/ST/STM32CubeIDE_1.15.1/STM32CubeIDE/plugins/com.st.stm32cube.ide.mcu.externaltools.gnu-tools-for-stm32.12.3.rel1.win32_1.0.100.202403111256/tools/bin/../lib/gcc/arm-none-eabi/12.3.1/thumb/v8-m.main+fp/hard\libgcc.a
LOAD C:/ST/STM32CubeIDE_1.15.1/STM32CubeIDE/plugins/com.st.stm32cube.ide.mcu.externaltools.gnu-tools-for-stm32.12.3.rel1.win32_1.0.100.202403111256/tools/bin/../lib/gcc/arm-none-eabi/12.3.1/../../../../arm-none-eabi/lib/thumb/v8-m.main+fp/hard\libc_nano.a
LOAD C:/ST/STM32CubeIDE_1.15.1/STM32CubeIDE/plugins/com.st.stm32cube.ide.mcu.externaltools.gnu-tools-for-stm32.12.3.rel1.win32_1.0.100.202403111256/tools/bin/../lib/gcc/arm-none-eabi/12.3.1/../../../../arm-none-eabi/lib/thumb/v8-m.main+fp/hard\libnosys.a
END GROUP
START GROUP
LOAD C:/ST/STM32CubeIDE_1.15.1/STM32CubeIDE/plugins/com.st.stm32cube.ide.mcu.externaltools.gnu-tools-for-stm32.12.3.rel1.win32_1.0.100.202403111256/tools/bin/../lib/gcc/arm-none-eabi/12.3.1/thumb/v8-m.main+fp/hard\libgcc.a
LOAD C:/ST/STM32CubeIDE_1.15.1/STM32CubeIDE/plugins/com.st.stm32cube.ide.mcu.externaltools.gnu-tools-for-stm32.12.3.rel1.win32_1.0.100.202403111256/tools/bin/../lib/gcc/arm-none-eabi/12.3.1/../../../../arm-none-eabi/lib/thumb/v8-m.main+fp/hard\libc_nano.a
LOAD C:/ST/STM32CubeIDE_1.15.1/STM32CubeIDE/plugins/com.st.stm32cube.ide.mcu.externaltools.gnu-tools-for-stm32.12.3.rel1.win32_1.0.100.202403111256/tools/bin/../lib/gcc/arm-none-eabi/12.3.1/../../../../arm-none-eabi/lib/thumb/v8-m.main+fp/hard\libnosys.a
END GROUP
LOAD C:/ST/STM32CubeIDE_1.15.1/STM32CubeIDE/plugins/com.st.stm32cube.ide.mcu.externaltools.gnu-tools-for-stm32.12.3.rel1.win32_1.0.100.202403111256/tools/bin/../lib/gcc/arm-none-eabi/12.3.1/thumb/v8-m.main+fp/hard/crtend.o
LOAD C:/ST/STM32CubeIDE_1.15.1/STM32CubeIDE/plugins/com.st.stm32cube.ide.mcu.externaltools.gnu-tools-for-stm32.12.3.rel1.win32_1.0.100.202403111256/tools/bin/../lib/gcc/arm-none-eabi/12.3.1/thumb/v8-m.main+fp/hard/crtn.o
                0x20008000                        _estack = (ORIGIN (RAM) + LENGTH (RAM))
                0x00000200                        _Min_Heap_Size = 0x200
                0x00000400                        _Min_Stack_Size = 0x400

.isr_vector     0x08000000      0x258
                0x08000000                        . = ALIGN (0x4)
 *(.isr_vector)
 .isr_vector    0x08000000      0x258 ./Core/Startup/startup_stm32h503rbtx.o
                0x08000000                g_pfnVectors
                0x08000258                        . = ALIGN (0x4)

.text           0x08000258     0x3988
                0x08000258                        . = ALIGN (0x4)
 *(.text)
 .text          0x08000258       0x40 C:/ST/STM32CubeIDE_1.15.1/STM32CubeIDE/plugins/com.st.stm32cube.ide.mcu.externaltools.gnu-tools-for-stm32.12.3.rel1.win32_1.0.100.202403111256/tools/bin/../lib/gcc/arm-none-eabi/12.3.1/thumb/v8-m.main+fp/hard/crtbegin.o
 *(.text*)
 .text.HAL_FDCAN_RxFifo0Callback
                0x08000298       0x50 ./Core/Src/main.o
                0x08000298                HAL_FDCAN_RxFifo0Callback
 .text.main     0x080002e8       0xe4 ./Core/Src/main.o
                0x080002e8                main
 .text.SystemClock_Config
                0x080003cc       0xdc ./Core/Src/main.o
                0x080003cc                SystemClock_Config
 .text.MX_CRC_Init
                0x080004a8       0x44 ./Core/Src/main.o
 .text.MX_FDCAN1_Init
                0x080004ec       0x8c ./Core/Src/main.o
 .text.MX_ICACHE_Init
                0x08000578       0x26 ./Core/Src/main.o
 *fill*         0x0800059e        0x2 
 .text.MX_GPIO_Init
                0x080005a0       0xd4 ./Core/Src/main.o
 .text.Error_Handler
                0x08000674        0xc ./Core/Src/main.o
                0x08000674                Error_Handler
 .text.HAL_MspInit
                0x08000680        0xe ./Core/Src/stm32h5xx_hal_msp.o
                0x08000680                HAL_MspInit
 *fill*         0x0800068e        0x2 
 .text.HAL_CRC_MspInit
                0x08000690       0x44 ./Core/Src/stm32h5xx_hal_msp.o
                0x08000690                HAL_CRC_MspInit
 .text.HAL_FDCAN_MspInit
                0x080006d4       0xe4 ./Core/Src/stm32h5xx_hal_msp.o
                0x080006d4                HAL_FDCAN_MspInit
 .text.NMI_Handler
                0x080007b8        0x8 ./Core/Src/stm32h5xx_it.o
                0x080007b8                NMI_Handler
 .text.HardFault_Handler
                0x080007c0        0x8 ./Core/Src/stm32h5xx_it.o
                0x080007c0                HardFault_Handler
 .text.MemManage_Handler
                0x080007c8        0x8 ./Core/Src/stm32h5xx_it.o
                0x080007c8                MemManage_Handler
 .text.BusFault_Handler
                0x080007d0        0x8 ./Core/Src/stm32h5xx_it.o
                0x080007d0                BusFault_Handler
 .text.UsageFault_Handler
                0x080007d8        0x8 ./Core/Src/stm32h5xx_it.o
                0x080007d8                UsageFault_Handler
 .text.SVC_Handler
                0x080007e0        0xe ./Core/Src/stm32h5xx_it.o
                0x080007e0                SVC_Handler
 .text.DebugMon_Handler
                0x080007ee        0xe ./Core/Src/stm32h5xx_it.o
                0x080007ee                DebugMon_Handler
 .text.PendSV_Handler
                0x080007fc        0xe ./Core/Src/stm32h5xx_it.o
                0x080007fc                PendSV_Handler
 .text.SysTick_Handler
                0x0800080a        0xc ./Core/Src/stm32h5xx_it.o
                0x0800080a                SysTick_Handler
 *fill*         0x08000816        0x2 
 .text.FDCAN1_IT0_IRQHandler
                0x08000818       0x14 ./Core/Src/stm32h5xx_it.o
                0x08000818                FDCAN1_IT0_IRQHandler
 .text.SystemInit
                0x0800082c       0xe4 ./Core/Src/system_stm32h5xx.o
                0x0800082c                SystemInit
 .text.Reset_Handler
                0x08000910       0x50 ./Core/Startup/startup_stm32h503rbtx.o
                0x08000910                Reset_Handler
 .text.Default_Handler
                0x08000960        0x2 ./Core/Startup/startup_stm32h503rbtx.o
                0x08000960                EXTI2_IRQHandler
                0x08000960                EXTI5_IRQHandler
                0x08000960                I3C1_ER_IRQHandler
                0x08000960                GPDMA2_Channel1_IRQHandler
                0x08000960                EXTI13_IRQHandler
                0x08000960                TIM1_CC_IRQHandler
                0x08000960                GPDMA2_Channel3_IRQHandler
                0x08000960                TAMP_IRQHandler
                0x08000960                TIM6_IRQHandler
                0x08000960                EXTI12_IRQHandler
                0x08000960                USB_DRD_FS_IRQHandler
                0x08000960                EXTI3_IRQHandler
                0x08000960                GPDMA1_Channel5_IRQHandler
                0x08000960                EXTI8_IRQHandler
                0x08000960                GPDMA2_Channel5_IRQHandler
                0x08000960                LPTIM2_IRQHandler
                0x08000960                GPDMA2_Channel2_IRQHandler
                0x08000960                EXTI0_IRQHandler
                0x08000960                I2C2_EV_IRQHandler
                0x08000960                FPU_IRQHandler
                0x08000960                GPDMA1_Channel3_IRQHandler
                0x08000960                GPDMA1_Channel7_IRQHandler
                0x08000960                FDCAN1_IT1_IRQHandler
                0x08000960                RAMCFG_IRQHandler
                0x08000960                SPI1_IRQHandler
                0x08000960                GPDMA1_Channel2_IRQHandler
                0x08000960                ADC1_IRQHandler
                0x08000960                I3C2_ER_IRQHandler
                0x08000960                EXTI15_IRQHandler
                0x08000960                USART3_IRQHandler
                0x08000960                RTC_IRQHandler
                0x08000960                EXTI9_IRQHandler
                0x08000960                I3C2_EV_IRQHandler
                0x08000960                I2C1_EV_IRQHandler
                0x08000960                GPDMA1_Channel1_IRQHandler
                0x08000960                TIM3_IRQHandler
                0x08000960                RCC_IRQHandler
                0x08000960                TIM1_TRG_COM_IRQHandler
                0x08000960                Default_Handler
                0x08000960                GPDMA2_Channel4_IRQHandler
                0x08000960                TIM7_IRQHandler
                0x08000960                GPDMA1_Channel0_IRQHandler
                0x08000960                I3C1_EV_IRQHandler
                0x08000960                PVD_AVD_IRQHandler
                0x08000960                SPI2_IRQHandler
                0x08000960                EXTI14_IRQHandler
                0x08000960                EXTI11_IRQHandler
                0x08000960                CRS_IRQHandler
                0x08000960                EXTI4_IRQHandler
                0x08000960                GPDMA2_Channel0_IRQHandler
                0x08000960                RNG_IRQHandler
                0x08000960                GPDMA2_Channel6_IRQHandler
                0x08000960                TIM1_UP_IRQHandler
                0x08000960                WWDG_IRQHandler
                0x08000960                IWDG_IRQHandler
                0x08000960                LPUART1_IRQHandler
                0x08000960                TIM2_IRQHandler
                0x08000960                GPDMA1_Channel4_IRQHandler
                0x08000960                EXTI7_IRQHandler
                0x08000960                TIM1_BRK_IRQHandler
                0x08000960                EXTI1_IRQHandler
                0x08000960                DAC1_IRQHandler
                0x08000960                DTS_IRQHandler
                0x08000960                GTZC_IRQHandler
                0x08000960                USART2_IRQHandler
                0x08000960                GPDMA1_Channel6_IRQHandler
                0x08000960                GPDMA2_Channel7_IRQHandler
                0x08000960                I2C2_ER_IRQHandler
                0x08000960                FLASH_IRQHandler
                0x08000960                USART1_IRQHandler
                0x08000960                EXTI10_IRQHandler
                0x08000960                SPI3_IRQHandler
                0x08000960                I2C1_ER_IRQHandler
                0x08000960                EXTI6_IRQHandler
                0x08000960                COMP1_IRQHandler
                0x08000960                LPTIM1_IRQHandler
                0x08000960                ICACHE_IRQHandler
                0x08000960                HASH_IRQHandler
 *fill*         0x08000962        0x2 
 .text.HAL_Init
                0x08000964       0x50 ./Drivers/STM32H5xx_HAL_Driver/Src/stm32h5xx_hal.o
                0x08000964                HAL_Init
 .text.HAL_InitTick
                0x080009b4       0xec ./Drivers/STM32H5xx_HAL_Driver/Src/stm32h5xx_hal.o
                0x080009b4                HAL_InitTick
 .text.HAL_IncTick
                0x08000aa0       0x28 ./Drivers/STM32H5xx_HAL_Driver/Src/stm32h5xx_hal.o
                0x08000aa0                HAL_IncTick
 .text.HAL_GetTick
                0x08000ac8       0x18 ./Drivers/STM32H5xx_HAL_Driver/Src/stm32h5xx_hal.o
                0x08000ac8                HAL_GetTick
 .text.HAL_Delay
                0x08000ae0       0x48 ./Drivers/STM32H5xx_HAL_Driver/Src/stm32h5xx_hal.o
                0x08000ae0                HAL_Delay
 .text.__NVIC_SetPriorityGrouping
                0x08000b28       0x48 ./Drivers/STM32H5xx_HAL_Driver/Src/stm32h5xx_hal_cortex.o
 .text.__NVIC_GetPriorityGrouping
                0x08000b70       0x1c ./Drivers/STM32H5xx_HAL_Driver/Src/stm32h5xx_hal_cortex.o
 .text.__NVIC_EnableIRQ
                0x08000b8c       0x3c ./Drivers/STM32H5xx_HAL_Driver/Src/stm32h5xx_hal_cortex.o
 .text.__NVIC_SetPriority
                0x08000bc8       0x54 ./Drivers/STM32H5xx_HAL_Driver/Src/stm32h5xx_hal_cortex.o
 .text.NVIC_EncodePriority
                0x08000c1c       0x66 ./Drivers/STM32H5xx_HAL_Driver/Src/stm32h5xx_hal_cortex.o
 .text.HAL_NVIC_SetPriorityGrouping
                0x08000c82       0x16 ./Drivers/STM32H5xx_HAL_Driver/Src/stm32h5xx_hal_cortex.o
                0x08000c82                HAL_NVIC_SetPriorityGrouping
 .text.HAL_NVIC_SetPriority
                0x08000c98       0x34 ./Drivers/STM32H5xx_HAL_Driver/Src/stm32h5xx_hal_cortex.o
                0x08000c98                HAL_NVIC_SetPriority
 .text.HAL_NVIC_EnableIRQ
                0x08000ccc       0x1c ./Drivers/STM32H5xx_HAL_Driver/Src/stm32h5xx_hal_cortex.o
                0x08000ccc                HAL_NVIC_EnableIRQ
 .text.HAL_SYSTICK_Config
                0x08000ce8       0x44 ./Drivers/STM32H5xx_HAL_Driver/Src/stm32h5xx_hal_cortex.o
                0x08000ce8                HAL_SYSTICK_Config
 .text.HAL_SYSTICK_CLKSourceConfig
                0x08000d2c       0xb0 ./Drivers/STM32H5xx_HAL_Driver/Src/stm32h5xx_hal_cortex.o
                0x08000d2c                HAL_SYSTICK_CLKSourceConfig
 .text.HAL_SYSTICK_GetCLKSourceConfig
                0x08000ddc       0x6c ./Drivers/STM32H5xx_HAL_Driver/Src/stm32h5xx_hal_cortex.o
                0x08000ddc                HAL_SYSTICK_GetCLKSourceConfig
 .text.HAL_CRC_Init
                0x08000e48       0xc8 ./Drivers/STM32H5xx_HAL_Driver/Src/stm32h5xx_hal_crc.o
                0x08000e48                HAL_CRC_Init
 .text.HAL_CRCEx_Polynomial_Set
                0x08000f10      0x11c ./Drivers/STM32H5xx_HAL_Driver/Src/stm32h5xx_hal_crc_ex.o
                0x08000f10                HAL_CRCEx_Polynomial_Set
 .text.HAL_FDCAN_Init
                0x0800102c      0x2b4 ./Drivers/STM32H5xx_HAL_Driver/Src/stm32h5xx_hal_fdcan.o
                0x0800102c                HAL_FDCAN_Init
 .text.HAL_FDCAN_Start
                0x080012e0       0x50 ./Drivers/STM32H5xx_HAL_Driver/Src/stm32h5xx_hal_fdcan.o
                0x080012e0                HAL_FDCAN_Start
 .text.HAL_FDCAN_AddMessageToTxFifoQ
                0x08001330       0x88 ./Drivers/STM32H5xx_HAL_Driver/Src/stm32h5xx_hal_fdcan.o
                0x08001330                HAL_FDCAN_AddMessageToTxFifoQ
 .text.HAL_FDCAN_GetRxMessage
                0x080013b8      0x210 ./Drivers/STM32H5xx_HAL_Driver/Src/stm32h5xx_hal_fdcan.o
                0x080013b8                HAL_FDCAN_GetRxMessage
 .text.HAL_FDCAN_ActivateNotification
                0x080015c8      0x1cc ./Drivers/STM32H5xx_HAL_Driver/Src/stm32h5xx_hal_fdcan.o
                0x080015c8                HAL_FDCAN_ActivateNotification
 .text.HAL_FDCAN_IRQHandler
                0x08001794      0x24a ./Drivers/STM32H5xx_HAL_Driver/Src/stm32h5xx_hal_fdcan.o
                0x08001794                HAL_FDCAN_IRQHandler
 .text.HAL_FDCAN_TxEventFifoCallback
                0x080019de       0x16 ./Drivers/STM32H5xx_HAL_Driver/Src/stm32h5xx_hal_fdcan.o
                0x080019de                HAL_FDCAN_TxEventFifoCallback
 .text.HAL_FDCAN_RxFifo1Callback
                0x080019f4       0x16 ./Drivers/STM32H5xx_HAL_Driver/Src/stm32h5xx_hal_fdcan.o
                0x080019f4                HAL_FDCAN_RxFifo1Callback
 .text.HAL_FDCAN_TxFifoEmptyCallback
                0x08001a0a       0x14 ./Drivers/STM32H5xx_HAL_Driver/Src/stm32h5xx_hal_fdcan.o
                0x08001a0a                HAL_FDCAN_TxFifoEmptyCallback
 .text.HAL_FDCAN_TxBufferCompleteCallback
                0x08001a1e       0x16 ./Drivers/STM32H5xx_HAL_Driver/Src/stm32h5xx_hal_fdcan.o
                0x08001a1e                HAL_FDCAN_TxBufferCompleteCallback
 .text.HAL_FDCAN_TxBufferAbortCallback
                0x08001a34       0x16 ./Drivers/STM32H5xx_HAL_Driver/Src/stm32h5xx_hal_fdcan.o
                0x08001a34                HAL_FDCAN_TxBufferAbortCallback
 .text.HAL_FDCAN_TimestampWraparoundCallback
                0x08001a4a       0x14 ./Drivers/STM32H5xx_HAL_Driver/Src/stm32h5xx_hal_fdcan.o
                0x08001a4a                HAL_FDCAN_TimestampWraparoundCallback
 .text.HAL_FDCAN_TimeoutOccurredCallback
                0x08001a5e       0x14 ./Drivers/STM32H5xx_HAL_Driver/Src/stm32h5xx_hal_fdcan.o
                0x08001a5e                HAL_FDCAN_TimeoutOccurredCallback
 .text.HAL_FDCAN_HighPriorityMessageCallback
                0x08001a72       0x14 ./Drivers/STM32H5xx_HAL_Driver/Src/stm32h5xx_hal_fdcan.o
                0x08001a72                HAL_FDCAN_HighPriorityMessageCallback
 .text.HAL_FDCAN_ErrorCallback
                0x08001a86       0x14 ./Drivers/STM32H5xx_HAL_Driver/Src/stm32h5xx_hal_fdcan.o
                0x08001a86                HAL_FDCAN_ErrorCallback
 .text.HAL_FDCAN_ErrorStatusCallback
                0x08001a9a       0x16 ./Drivers/STM32H5xx_HAL_Driver/Src/stm32h5xx_hal_fdcan.o
                0x08001a9a                HAL_FDCAN_ErrorStatusCallback
 .text.FDCAN_CalcultateRamBlockAddresses
                0x08001ab0       0xac ./Drivers/STM32H5xx_HAL_Driver/Src/stm32h5xx_hal_fdcan.o
 .text.FDCAN_CopyMessageToRAM
                0x08001b5c       0xf8 ./Drivers/STM32H5xx_HAL_Driver/Src/stm32h5xx_hal_fdcan.o
 .text.HAL_GPIO_Init
                0x08001c54      0x2a4 ./Drivers/STM32H5xx_HAL_Driver/Src/stm32h5xx_hal_gpio.o
                0x08001c54                HAL_GPIO_Init
 .text.HAL_GPIO_ReadPin
                0x08001ef8       0x30 ./Drivers/STM32H5xx_HAL_Driver/Src/stm32h5xx_hal_gpio.o
                0x08001ef8                HAL_GPIO_ReadPin
 .text.HAL_ICACHE_ConfigAssociativityMode
                0x08001f28       0x40 ./Drivers/STM32H5xx_HAL_Driver/Src/stm32h5xx_hal_icache.o
                0x08001f28                HAL_ICACHE_ConfigAssociativityMode
 .text.HAL_ICACHE_Enable
                0x08001f68       0x20 ./Drivers/STM32H5xx_HAL_Driver/Src/stm32h5xx_hal_icache.o
                0x08001f68                HAL_ICACHE_Enable
 .text.HAL_RCC_OscConfig
                0x08001f88      0x870 ./Drivers/STM32H5xx_HAL_Driver/Src/stm32h5xx_hal_rcc.o
                0x08001f88                HAL_RCC_OscConfig
 .text.HAL_RCC_ClockConfig
                0x080027f8      0x370 ./Drivers/STM32H5xx_HAL_Driver/Src/stm32h5xx_hal_rcc.o
                0x080027f8                HAL_RCC_ClockConfig
 .text.HAL_RCC_GetSysClockFreq
                0x08002b68      0x258 ./Drivers/STM32H5xx_HAL_Driver/Src/stm32h5xx_hal_rcc.o
                0x08002b68                HAL_RCC_GetSysClockFreq
 .text.HAL_RCC_GetHCLKFreq
                0x08002dc0       0x38 ./Drivers/STM32H5xx_HAL_Driver/Src/stm32h5xx_hal_rcc.o
                0x08002dc0                HAL_RCC_GetHCLKFreq
 .text.HAL_RCCEx_PeriphCLKConfig
                0x08002df8      0xc48 ./Drivers/STM32H5xx_HAL_Driver/Src/stm32h5xx_hal_rcc_ex.o
                0x08002df8                HAL_RCCEx_PeriphCLKConfig
 .text.RCCEx_PLL2_Config
                0x08003a40      0x130 ./Drivers/STM32H5xx_HAL_Driver/Src/stm32h5xx_hal_rcc_ex.o
 .text.memset   0x08003b70       0x10 C:/ST/STM32CubeIDE_1.15.1/STM32CubeIDE/plugins/com.st.stm32cube.ide.mcu.externaltools.gnu-tools-for-stm32.12.3.rel1.win32_1.0.100.202403111256/tools/bin/../lib/gcc/arm-none-eabi/12.3.1/../../../../arm-none-eabi/lib/thumb/v8-m.main+fp/hard\libc_nano.a(libc_a-memset.o)
                0x08003b70                memset
 .text.__libc_init_array
                0x08003b80       0x48 C:/ST/STM32CubeIDE_1.15.1/STM32CubeIDE/plugins/com.st.stm32cube.ide.mcu.externaltools.gnu-tools-for-stm32.12.3.rel1.win32_1.0.100.202403111256/tools/bin/../lib/gcc/arm-none-eabi/12.3.1/../../../../arm-none-eabi/lib/thumb/v8-m.main+fp/hard\libc_nano.a(libc_a-init.o)
                0x08003b80                __libc_init_array
 *(.glue_7)
 .glue_7        0x08003bc8        0x0 linker stubs
 *(.glue_7t)
 .glue_7t       0x08003bc8        0x0 linker stubs
 *(.eh_frame)
 .eh_frame      0x08003bc8        0x0 C:/ST/STM32CubeIDE_1.15.1/STM32CubeIDE/plugins/com.st.stm32cube.ide.mcu.externaltools.gnu-tools-for-stm32.12.3.rel1.win32_1.0.100.202403111256/tools/bin/../lib/gcc/arm-none-eabi/12.3.1/thumb/v8-m.main+fp/hard/crtbegin.o
 *(.init)
 .init          0x08003bc8        0x4 C:/ST/STM32CubeIDE_1.15.1/STM32CubeIDE/plugins/com.st.stm32cube.ide.mcu.externaltools.gnu-tools-for-stm32.12.3.rel1.win32_1.0.100.202403111256/tools/bin/../lib/gcc/arm-none-eabi/12.3.1/thumb/v8-m.main+fp/hard/crti.o
                0x08003bc8                _init
 .init          0x08003bcc        0x8 C:/ST/STM32CubeIDE_1.15.1/STM32CubeIDE/plugins/com.st.stm32cube.ide.mcu.externaltools.gnu-tools-for-stm32.12.3.rel1.win32_1.0.100.202403111256/tools/bin/../lib/gcc/arm-none-eabi/12.3.1/thumb/v8-m.main+fp/hard/crtn.o
 *(.fini)
 .fini          0x08003bd4        0x4 C:/ST/STM32CubeIDE_1.15.1/STM32CubeIDE/plugins/com.st.stm32cube.ide.mcu.externaltools.gnu-tools-for-stm32.12.3.rel1.win32_1.0.100.202403111256/tools/bin/../lib/gcc/arm-none-eabi/12.3.1/thumb/v8-m.main+fp/hard/crti.o
                0x08003bd4                _fini
 .fini          0x08003bd8        0x8 C:/ST/STM32CubeIDE_1.15.1/STM32CubeIDE/plugins/com.st.stm32cube.ide.mcu.externaltools.gnu-tools-for-stm32.12.3.rel1.win32_1.0.100.202403111256/tools/bin/../lib/gcc/arm-none-eabi/12.3.1/thumb/v8-m.main+fp/hard/crtn.o
                0x08003be0                        . = ALIGN (0x4)
                0x08003be0                        _etext = .

.vfp11_veneer   0x08003be0        0x0
 .vfp11_veneer  0x08003be0        0x0 linker stubs

.v4_bx          0x08003be0        0x0
 .v4_bx         0x08003be0        0x0 linker stubs

.iplt           0x08003be0        0x0
 .iplt          0x08003be0        0x0 C:/ST/STM32CubeIDE_1.15.1/STM32CubeIDE/plugins/com.st.stm32cube.ide.mcu.externaltools.gnu-tools-for-stm32.12.3.rel1.win32_1.0.100.202403111256/tools/bin/../lib/gcc/arm-none-eabi/12.3.1/thumb/v8-m.main+fp/hard/crtbegin.o

.rodata         0x08003be0       0x28
                0x08003be0                        . = ALIGN (0x4)
 *(.rodata)
 .rodata        0x08003be0        0x8 ./Core/Src/main.o
 *(.rodata*)
 .rodata.AHBPrescTable
                0x08003be8       0x10 ./Core/Src/system_stm32h5xx.o
                0x08003be8                AHBPrescTable
 .rodata.DLCtoBytes
                0x08003bf8       0x10 ./Drivers/STM32H5xx_HAL_Driver/Src/stm32h5xx_hal_fdcan.o
                0x08003c08                        . = ALIGN (0x4)

.ARM.extab      0x08003c08        0x0
                0x08003c08                        . = ALIGN (0x4)
 *(.ARM.extab* .gnu.linkonce.armextab.*)
                0x08003c08                        . = ALIGN (0x4)

.ARM            0x08003c08        0x0
                0x08003c08                        . = ALIGN (0x4)
                0x08003c08                        __exidx_start = .
 *(.ARM.exidx*)
                0x08003c08                        __exidx_end = .
                0x08003c08                        . = ALIGN (0x4)

.preinit_array  0x08003c08        0x0
                0x08003c08                        . = ALIGN (0x4)
                0x08003c08                        PROVIDE (__preinit_array_start = .)
 *(.preinit_array*)
                0x08003c08                        PROVIDE (__preinit_array_end = .)
                0x08003c08                        . = ALIGN (0x4)

.init_array     0x08003c08        0x4
                0x08003c08                        . = ALIGN (0x4)
                0x08003c08                        PROVIDE (__init_array_start = .)
 *(SORT_BY_NAME(.init_array.*))
 *(.init_array*)
 .init_array    0x08003c08        0x4 C:/ST/STM32CubeIDE_1.15.1/STM32CubeIDE/plugins/com.st.stm32cube.ide.mcu.externaltools.gnu-tools-for-stm32.12.3.rel1.win32_1.0.100.202403111256/tools/bin/../lib/gcc/arm-none-eabi/12.3.1/thumb/v8-m.main+fp/hard/crtbegin.o
                0x08003c0c                        PROVIDE (__init_array_end = .)
                0x08003c0c                        . = ALIGN (0x4)

.fini_array     0x08003c0c        0x4
                0x08003c0c                        . = ALIGN (0x4)
                [!provide]                        PROVIDE (__fini_array_start = .)
 *(SORT_BY_NAME(.fini_array.*))
 *(.fini_array*)
 .fini_array    0x08003c0c        0x4 C:/ST/STM32CubeIDE_1.15.1/STM32CubeIDE/plugins/com.st.stm32cube.ide.mcu.externaltools.gnu-tools-for-stm32.12.3.rel1.win32_1.0.100.202403111256/tools/bin/../lib/gcc/arm-none-eabi/12.3.1/thumb/v8-m.main+fp/hard/crtbegin.o
                [!provide]                        PROVIDE (__fini_array_end = .)
                0x08003c10                        . = ALIGN (0x4)
                0x08003c10                        _sidata = LOADADDR (.data)

.rel.dyn        0x08003c10        0x0
 .rel.iplt      0x08003c10        0x0 C:/ST/STM32CubeIDE_1.15.1/STM32CubeIDE/plugins/com.st.stm32cube.ide.mcu.externaltools.gnu-tools-for-stm32.12.3.rel1.win32_1.0.100.202403111256/tools/bin/../lib/gcc/arm-none-eabi/12.3.1/thumb/v8-m.main+fp/hard/crtbegin.o

.data           0x20000000        0xc load address 0x08003c10
                0x20000000                        . = ALIGN (0x4)
                0x20000000                        _sdata = .
 *(.data)
 *(.data*)
 .data.SystemCoreClock
                0x20000000        0x4 ./Core/Src/system_stm32h5xx.o
                0x20000000                SystemCoreClock
 .data.uwTickPrio
                0x20000004        0x4 ./Drivers/STM32H5xx_HAL_Driver/Src/stm32h5xx_hal.o
                0x20000004                uwTickPrio
 .data.uwTickFreq
                0x20000008        0x1 ./Drivers/STM32H5xx_HAL_Driver/Src/stm32h5xx_hal.o
                0x20000008                uwTickFreq
 *(.RamFunc)
 *(.RamFunc*)
                0x2000000c                        . = ALIGN (0x4)
 *fill*         0x20000009        0x3 
                0x2000000c                        _edata = .

.igot.plt       0x2000000c        0x0 load address 0x08003c1c
 .igot.plt      0x2000000c        0x0 C:/ST/STM32CubeIDE_1.15.1/STM32CubeIDE/plugins/com.st.stm32cube.ide.mcu.externaltools.gnu-tools-for-stm32.12.3.rel1.win32_1.0.100.202403111256/tools/bin/../lib/gcc/arm-none-eabi/12.3.1/thumb/v8-m.main+fp/hard/crtbegin.o
                0x2000000c                        . = ALIGN (0x4)

.bss            0x2000000c       0xfc load address 0x08003c1c
                0x2000000c                        _sbss = .
                0x2000000c                        __bss_start__ = _sbss
 *(.bss)
 .bss           0x2000000c       0x1c C:/ST/STM32CubeIDE_1.15.1/STM32CubeIDE/plugins/com.st.stm32cube.ide.mcu.externaltools.gnu-tools-for-stm32.12.3.rel1.win32_1.0.100.202403111256/tools/bin/../lib/gcc/arm-none-eabi/12.3.1/thumb/v8-m.main+fp/hard/crtbegin.o
 *(.bss*)
 .bss.hcrc      0x20000028       0x24 ./Core/Src/main.o
                0x20000028                hcrc
 .bss.hfdcan1   0x2000004c       0x64 ./Core/Src/main.o
                0x2000004c                hfdcan1
 .bss.TxHeader  0x200000b0       0x24 ./Core/Src/main.o
                0x200000b0                TxHeader
 .bss.RxHeader  0x200000d4       0x28 ./Core/Src/main.o
                0x200000d4                RxHeader
 .bss.RxData    0x200000fc        0x8 ./Core/Src/main.o
                0x200000fc                RxData
 .bss.uwTick    0x20000104        0x4 ./Drivers/STM32H5xx_HAL_Driver/Src/stm32h5xx_hal.o
                0x20000104                uwTick
 *(COMMON)
                0x20000108                        . = ALIGN (0x4)
                0x20000108                        _ebss = .
                0x20000108                        __bss_end__ = _ebss

._user_heap_stack
                0x20000108      0x600 load address 0x08003c1c
                0x20000108                        . = ALIGN (0x8)
                [!provide]                        PROVIDE (end = .)
                0x20000108                        PROVIDE (_end = .)
                0x20000308                        . = (. + _Min_Heap_Size)
 *fill*         0x20000108      0x200 
                0x20000708                        . = (. + _Min_Stack_Size)
 *fill*         0x20000308      0x400 
                0x20000708                        . = ALIGN (0x8)

/DISCARD/
 libc.a(*)
 libm.a(*)
 libgcc.a(*)

.ARM.attributes
                0x00000000       0x36
 *(.ARM.attributes)
 .ARM.attributes
                0x00000000       0x26 C:/ST/STM32CubeIDE_1.15.1/STM32CubeIDE/plugins/com.st.stm32cube.ide.mcu.externaltools.gnu-tools-for-stm32.12.3.rel1.win32_1.0.100.202403111256/tools/bin/../lib/gcc/arm-none-eabi/12.3.1/thumb/v8-m.main+fp/hard/crti.o
 .ARM.attributes
                0x00000026       0x38 C:/ST/STM32CubeIDE_1.15.1/STM32CubeIDE/plugins/com.st.stm32cube.ide.mcu.externaltools.gnu-tools-for-stm32.12.3.rel1.win32_1.0.100.202403111256/tools/bin/../lib/gcc/arm-none-eabi/12.3.1/thumb/v8-m.main+fp/hard/crtbegin.o
 .ARM.attributes
                0x0000005e       0x3a ./Core/Src/main.o
 .ARM.attributes
                0x00000098       0x3a ./Core/Src/stm32h5xx_hal_msp.o
 .ARM.attributes
                0x000000d2       0x3a ./Core/Src/stm32h5xx_it.o
 .ARM.attributes
                0x0000010c       0x3a ./Core/Src/system_stm32h5xx.o
 .ARM.attributes
                0x00000146       0x24 ./Core/Startup/startup_stm32h503rbtx.o
 .ARM.attributes
                0x0000016a       0x3a ./Drivers/STM32H5xx_HAL_Driver/Src/stm32h5xx_hal.o
 .ARM.attributes
                0x000001a4       0x3a ./Drivers/STM32H5xx_HAL_Driver/Src/stm32h5xx_hal_cortex.o
 .ARM.attributes
                0x000001de       0x3a ./Drivers/STM32H5xx_HAL_Driver/Src/stm32h5xx_hal_crc.o
 .ARM.attributes
                0x00000218       0x3a ./Drivers/STM32H5xx_HAL_Driver/Src/stm32h5xx_hal_crc_ex.o
 .ARM.attributes
                0x00000252       0x3a ./Drivers/STM32H5xx_HAL_Driver/Src/stm32h5xx_hal_fdcan.o
 .ARM.attributes
                0x0000028c       0x3a ./Drivers/STM32H5xx_HAL_Driver/Src/stm32h5xx_hal_gpio.o
 .ARM.attributes
                0x000002c6       0x3a ./Drivers/STM32H5xx_HAL_Driver/Src/stm32h5xx_hal_icache.o
 .ARM.attributes
                0x00000300       0x3a ./Drivers/STM32H5xx_HAL_Driver/Src/stm32h5xx_hal_rcc.o
 .ARM.attributes
                0x0000033a       0x3a ./Drivers/STM32H5xx_HAL_Driver/Src/stm32h5xx_hal_rcc_ex.o
 .ARM.attributes
                0x00000374       0x38 C:/ST/STM32CubeIDE_1.15.1/STM32CubeIDE/plugins/com.st.stm32cube.ide.mcu.externaltools.gnu-tools-for-stm32.12.3.rel1.win32_1.0.100.202403111256/tools/bin/../lib/gcc/arm-none-eabi/12.3.1/../../../../arm-none-eabi/lib/thumb/v8-m.main+fp/hard\libc_nano.a(libc_a-memset.o)
 .ARM.attributes
                0x000003ac       0x38 C:/ST/STM32CubeIDE_1.15.1/STM32CubeIDE/plugins/com.st.stm32cube.ide.mcu.externaltools.gnu-tools-for-stm32.12.3.rel1.win32_1.0.100.202403111256/tools/bin/../lib/gcc/arm-none-eabi/12.3.1/../../../../arm-none-eabi/lib/thumb/v8-m.main+fp/hard\libc_nano.a(libc_a-init.o)
 .ARM.attributes
                0x000003e4       0x26 C:/ST/STM32CubeIDE_1.15.1/STM32CubeIDE/plugins/com.st.stm32cube.ide.mcu.externaltools.gnu-tools-for-stm32.12.3.rel1.win32_1.0.100.202403111256/tools/bin/../lib/gcc/arm-none-eabi/12.3.1/thumb/v8-m.main+fp/hard/crtn.o
OUTPUT(CANbus.elf elf32-littlearm)
LOAD linker stubs
LOAD C:/ST/STM32CubeIDE_1.15.1/STM32CubeIDE/plugins/com.st.stm32cube.ide.mcu.externaltools.gnu-tools-for-stm32.12.3.rel1.win32_1.0.100.202403111256/tools/bin/../lib/gcc/arm-none-eabi/12.3.1/../../../../arm-none-eabi/lib/thumb/v8-m.main+fp/hard\libc.a
LOAD C:/ST/STM32CubeIDE_1.15.1/STM32CubeIDE/plugins/com.st.stm32cube.ide.mcu.externaltools.gnu-tools-for-stm32.12.3.rel1.win32_1.0.100.202403111256/tools/bin/../lib/gcc/arm-none-eabi/12.3.1/../../../../arm-none-eabi/lib/thumb/v8-m.main+fp/hard\libm.a
LOAD C:/ST/STM32CubeIDE_1.15.1/STM32CubeIDE/plugins/com.st.stm32cube.ide.mcu.externaltools.gnu-tools-for-stm32.12.3.rel1.win32_1.0.100.202403111256/tools/bin/../lib/gcc/arm-none-eabi/12.3.1/thumb/v8-m.main+fp/hard\libgcc.a

.debug_info     0x00000000     0xaa55
 .debug_info    0x00000000     0x14aa ./Core/Src/main.o
 .debug_info    0x000014aa     0x1235 ./Core/Src/stm32h5xx_hal_msp.o
 .debug_info    0x000026df      0x62f ./Core/Src/stm32h5xx_it.o
 .debug_info    0x00002d0e      0xc0b ./Core/Src/system_stm32h5xx.o
 .debug_info    0x00003919       0x30 ./Core/Startup/startup_stm32h503rbtx.o
 .debug_info    0x00003949     0x1069 ./Drivers/STM32H5xx_HAL_Driver/Src/stm32h5xx_hal.o
 .debug_info    0x000049b2     0x1522 ./Drivers/STM32H5xx_HAL_Driver/Src/stm32h5xx_hal_cortex.o
 .debug_info    0x00005ed4      0x57e ./Drivers/STM32H5xx_HAL_Driver/Src/stm32h5xx_hal_crc.o
 .debug_info    0x00006452      0x391 ./Drivers/STM32H5xx_HAL_Driver/Src/stm32h5xx_hal_crc_ex.o
 .debug_info    0x000067e3     0x1920 ./Drivers/STM32H5xx_HAL_Driver/Src/stm32h5xx_hal_fdcan.o
 .debug_info    0x00008103      0x6aa ./Drivers/STM32H5xx_HAL_Driver/Src/stm32h5xx_hal_gpio.o
 .debug_info    0x000087ad      0x377 ./Drivers/STM32H5xx_HAL_Driver/Src/stm32h5xx_hal_icache.o
 .debug_info    0x00008b24      0xfdf ./Drivers/STM32H5xx_HAL_Driver/Src/stm32h5xx_hal_rcc.o
 .debug_info    0x00009b03      0xf52 ./Drivers/STM32H5xx_HAL_Driver/Src/stm32h5xx_hal_rcc_ex.o

.debug_abbrev   0x00000000     0x1b5f
 .debug_abbrev  0x00000000      0x2dd ./Core/Src/main.o
 .debug_abbrev  0x000002dd      0x216 ./Core/Src/stm32h5xx_hal_msp.o
 .debug_abbrev  0x000004f3      0x15a ./Core/Src/stm32h5xx_it.o
 .debug_abbrev  0x0000064d      0x13a ./Core/Src/system_stm32h5xx.o
 .debug_abbrev  0x00000787       0x24 ./Core/Startup/startup_stm32h503rbtx.o
 .debug_abbrev  0x000007ab      0x2ac ./Drivers/STM32H5xx_HAL_Driver/Src/stm32h5xx_hal.o
 .debug_abbrev  0x00000a57      0x311 ./Drivers/STM32H5xx_HAL_Driver/Src/stm32h5xx_hal_cortex.o
 .debug_abbrev  0x00000d68      0x1f0 ./Drivers/STM32H5xx_HAL_Driver/Src/stm32h5xx_hal_crc.o
 .debug_abbrev  0x00000f58      0x153 ./Drivers/STM32H5xx_HAL_Driver/Src/stm32h5xx_hal_crc_ex.o
 .debug_abbrev  0x000010ab      0x20b ./Drivers/STM32H5xx_HAL_Driver/Src/stm32h5xx_hal_fdcan.o
 .debug_abbrev  0x000012b6      0x1db ./Drivers/STM32H5xx_HAL_Driver/Src/stm32h5xx_hal_gpio.o
 .debug_abbrev  0x00001491      0x1e4 ./Drivers/STM32H5xx_HAL_Driver/Src/stm32h5xx_hal_icache.o
 .debug_abbrev  0x00001675      0x28e ./Drivers/STM32H5xx_HAL_Driver/Src/stm32h5xx_hal_rcc.o
 .debug_abbrev  0x00001903      0x25c ./Drivers/STM32H5xx_HAL_Driver/Src/stm32h5xx_hal_rcc_ex.o

.debug_aranges  0x00000000      0x968
 .debug_aranges
                0x00000000       0x60 ./Core/Src/main.o
 .debug_aranges
                0x00000060       0x40 ./Core/Src/stm32h5xx_hal_msp.o
 .debug_aranges
                0x000000a0       0x68 ./Core/Src/stm32h5xx_it.o
 .debug_aranges
                0x00000108       0x28 ./Core/Src/system_stm32h5xx.o
 .debug_aranges
                0x00000130       0x28 ./Core/Startup/startup_stm32h503rbtx.o
 .debug_aranges
                0x00000158      0x1a0 ./Drivers/STM32H5xx_HAL_Driver/Src/stm32h5xx_hal.o
 .debug_aranges
                0x000002f8      0x140 ./Drivers/STM32H5xx_HAL_Driver/Src/stm32h5xx_hal_cortex.o
 .debug_aranges
                0x00000438       0x60 ./Drivers/STM32H5xx_HAL_Driver/Src/stm32h5xx_hal_crc.o
 .debug_aranges
                0x00000498       0x30 ./Drivers/STM32H5xx_HAL_Driver/Src/stm32h5xx_hal_crc_ex.o
 .debug_aranges
                0x000004c8      0x208 ./Drivers/STM32H5xx_HAL_Driver/Src/stm32h5xx_hal_fdcan.o
 .debug_aranges
                0x000006d0       0x78 ./Drivers/STM32H5xx_HAL_Driver/Src/stm32h5xx_hal_gpio.o
 .debug_aranges
                0x00000748       0x98 ./Drivers/STM32H5xx_HAL_Driver/Src/stm32h5xx_hal_icache.o
 .debug_aranges
                0x000007e0       0xa0 ./Drivers/STM32H5xx_HAL_Driver/Src/stm32h5xx_hal_rcc.o
 .debug_aranges
                0x00000880       0xe8 ./Drivers/STM32H5xx_HAL_Driver/Src/stm32h5xx_hal_rcc_ex.o

.debug_rnglists
                0x00000000      0x6f5
 .debug_rnglists
                0x00000000       0x47 ./Core/Src/main.o
 .debug_rnglists
                0x00000047       0x2c ./Core/Src/stm32h5xx_hal_msp.o
 .debug_rnglists
                0x00000073       0x49 ./Core/Src/stm32h5xx_it.o
 .debug_rnglists
                0x000000bc       0x1b ./Core/Src/system_stm32h5xx.o
 .debug_rnglists
                0x000000d7       0x19 ./Core/Startup/startup_stm32h503rbtx.o
 .debug_rnglists
                0x000000f0      0x134 ./Drivers/STM32H5xx_HAL_Driver/Src/stm32h5xx_hal.o
 .debug_rnglists
                0x00000224       0xec ./Drivers/STM32H5xx_HAL_Driver/Src/stm32h5xx_hal_cortex.o
 .debug_rnglists
                0x00000310       0x47 ./Drivers/STM32H5xx_HAL_Driver/Src/stm32h5xx_hal_crc.o
 .debug_rnglists
                0x00000357       0x20 ./Drivers/STM32H5xx_HAL_Driver/Src/stm32h5xx_hal_crc_ex.o
 .debug_rnglists
                0x00000377      0x18d ./Drivers/STM32H5xx_HAL_Driver/Src/stm32h5xx_hal_fdcan.o
 .debug_rnglists
                0x00000504       0x57 ./Drivers/STM32H5xx_HAL_Driver/Src/stm32h5xx_hal_gpio.o
 .debug_rnglists
                0x0000055b       0x6d ./Drivers/STM32H5xx_HAL_Driver/Src/stm32h5xx_hal_icache.o
 .debug_rnglists
                0x000005c8       0x79 ./Drivers/STM32H5xx_HAL_Driver/Src/stm32h5xx_hal_rcc.o
 .debug_rnglists
                0x00000641       0xb4 ./Drivers/STM32H5xx_HAL_Driver/Src/stm32h5xx_hal_rcc_ex.o

.debug_macro    0x00000000    0x1f244
 .debug_macro   0x00000000      0x277 ./Core/Src/main.o
 .debug_macro   0x00000277      0xaba ./Core/Src/main.o
 .debug_macro   0x00000d31      0x1d0 ./Core/Src/main.o
 .debug_macro   0x00000f01       0x22 ./Core/Src/main.o
 .debug_macro   0x00000f23       0x5b ./Core/Src/main.o
 .debug_macro   0x00000f7e       0x2a ./Core/Src/main.o
 .debug_macro   0x00000fa8       0x94 ./Core/Src/main.o
 .debug_macro   0x0000103c       0x43 ./Core/Src/main.o
 .debug_macro   0x0000107f       0x34 ./Core/Src/main.o
 .debug_macro   0x000010b3      0x189 ./Core/Src/main.o
 .debug_macro   0x0000123c       0x16 ./Core/Src/main.o
 .debug_macro   0x00001252       0x43 ./Core/Src/main.o
 .debug_macro   0x00001295       0x57 ./Core/Src/main.o
 .debug_macro   0x000012ec       0x34 ./Core/Src/main.o
 .debug_macro   0x00001320       0x10 ./Core/Src/main.o
 .debug_macro   0x00001330       0x58 ./Core/Src/main.o
 .debug_macro   0x00001388       0x8e ./Core/Src/main.o
 .debug_macro   0x00001416       0x1c ./Core/Src/main.o
 .debug_macro   0x00001432      0x177 ./Core/Src/main.o
 .debug_macro   0x000015a9      0x369 ./Core/Src/main.o
 .debug_macro   0x00001912      0x19b ./Core/Src/main.o
 .debug_macro   0x00001aad       0x28 ./Core/Src/main.o
 .debug_macro   0x00001ad5       0x42 ./Core/Src/main.o
 .debug_macro   0x00001b17      0x103 ./Core/Src/main.o
 .debug_macro   0x00001c1a       0x6a ./Core/Src/main.o
 .debug_macro   0x00001c84      0x1df ./Core/Src/main.o
 .debug_macro   0x00001e63       0x1c ./Core/Src/main.o
 .debug_macro   0x00001e7f       0x29 ./Core/Src/main.o
 .debug_macro   0x00001ea8       0xfb ./Core/Src/main.o
 .debug_macro   0x00001fa3     0x1685 ./Core/Src/main.o
 .debug_macro   0x00003628       0x5e ./Core/Src/main.o
 .debug_macro   0x00003686    0x12007 ./Core/Src/main.o
 .debug_macro   0x0001568d       0x6d ./Core/Src/main.o
 .debug_macro   0x000156fa     0x3891 ./Core/Src/main.o
 .debug_macro   0x00018f8b       0x63 ./Core/Src/main.o
 .debug_macro   0x00018fee     0x146a ./Core/Src/main.o
 .debug_macro   0x0001a458      0x75e ./Core/Src/main.o
 .debug_macro   0x0001abb6      0x166 ./Core/Src/main.o
 .debug_macro   0x0001ad1c      0x1a6 ./Core/Src/main.o
 .debug_macro   0x0001aec2       0x6e ./Core/Src/main.o
 .debug_macro   0x0001af30      0x527 ./Core/Src/main.o
 .debug_macro   0x0001b457      0x40f ./Core/Src/main.o
 .debug_macro   0x0001b866       0xd6 ./Core/Src/main.o
 .debug_macro   0x0001b93c      0x1ce ./Core/Src/main.o
 .debug_macro   0x0001bb0a       0xc7 ./Core/Src/main.o
 .debug_macro   0x0001bbd1       0x4c ./Core/Src/main.o
 .debug_macro   0x0001bc1d      0x1c3 ./Core/Src/main.o
 .debug_macro   0x0001bde0      0x4ef ./Core/Src/main.o
 .debug_macro   0x0001c2cf       0x58 ./Core/Src/main.o
 .debug_macro   0x0001c327      0x272 ./Core/Src/main.o
 .debug_macro   0x0001c599      0x1a6 ./Core/Src/main.o
 .debug_macro   0x0001c73f      0x20a ./Core/Src/main.o
 .debug_macro   0x0001c949      0x6bd ./Core/Src/main.o
 .debug_macro   0x0001d006      0x31f ./Core/Src/main.o
 .debug_macro   0x0001d325      0x277 ./Core/Src/stm32h5xx_hal_msp.o
 .debug_macro   0x0001d59c      0x281 ./Core/Src/stm32h5xx_it.o
 .debug_macro   0x0001d81d      0x274 ./Core/Src/system_stm32h5xx.o
 .debug_macro   0x0001da91      0x29d ./Drivers/STM32H5xx_HAL_Driver/Src/stm32h5xx_hal.o
 .debug_macro   0x0001dd2e      0x26d ./Drivers/STM32H5xx_HAL_Driver/Src/stm32h5xx_hal_cortex.o
 .debug_macro   0x0001df9b      0x26d ./Drivers/STM32H5xx_HAL_Driver/Src/stm32h5xx_hal_crc.o
 .debug_macro   0x0001e208      0x26d ./Drivers/STM32H5xx_HAL_Driver/Src/stm32h5xx_hal_crc_ex.o
 .debug_macro   0x0001e475      0x37f ./Drivers/STM32H5xx_HAL_Driver/Src/stm32h5xx_hal_fdcan.o
 .debug_macro   0x0001e7f4      0x2a3 ./Drivers/STM32H5xx_HAL_Driver/Src/stm32h5xx_hal_gpio.o
 .debug_macro   0x0001ea97      0x285 ./Drivers/STM32H5xx_HAL_Driver/Src/stm32h5xx_hal_icache.o
 .debug_macro   0x0001ed1c      0x2af ./Drivers/STM32H5xx_HAL_Driver/Src/stm32h5xx_hal_rcc.o
 .debug_macro   0x0001efcb      0x279 ./Drivers/STM32H5xx_HAL_Driver/Src/stm32h5xx_hal_rcc_ex.o

.debug_line     0x00000000     0xba3e
 .debug_line    0x00000000      0xaac ./Core/Src/main.o
 .debug_line    0x00000aac      0x91c ./Core/Src/stm32h5xx_hal_msp.o
 .debug_line    0x000013c8      0x95f ./Core/Src/stm32h5xx_it.o
 .debug_line    0x00001d27      0x9f6 ./Core/Src/system_stm32h5xx.o
 .debug_line    0x0000271d       0x77 ./Core/Startup/startup_stm32h503rbtx.o
 .debug_line    0x00002794      0xe46 ./Drivers/STM32H5xx_HAL_Driver/Src/stm32h5xx_hal.o
 .debug_line    0x000035da      0xef5 ./Drivers/STM32H5xx_HAL_Driver/Src/stm32h5xx_hal_cortex.o
 .debug_line    0x000044cf      0xbc5 ./Drivers/STM32H5xx_HAL_Driver/Src/stm32h5xx_hal_crc.o
 .debug_line    0x00005094      0x941 ./Drivers/STM32H5xx_HAL_Driver/Src/stm32h5xx_hal_crc_ex.o
 .debug_line    0x000059d5     0x1a90 ./Drivers/STM32H5xx_HAL_Driver/Src/stm32h5xx_hal_fdcan.o
 .debug_line    0x00007465      0xc81 ./Drivers/STM32H5xx_HAL_Driver/Src/stm32h5xx_hal_gpio.o
 .debug_line    0x000080e6      0xabc ./Drivers/STM32H5xx_HAL_Driver/Src/stm32h5xx_hal_icache.o
 .debug_line    0x00008ba2     0x12e0 ./Drivers/STM32H5xx_HAL_Driver/Src/stm32h5xx_hal_rcc.o
 .debug_line    0x00009e82     0x1bbc ./Drivers/STM32H5xx_HAL_Driver/Src/stm32h5xx_hal_rcc_ex.o

.debug_str      0x00000000    0xc1421
 .debug_str     0x00000000    0xbd999 ./Core/Src/main.o
                              0xbdd15 (size before relaxing)
 .debug_str     0x000bd999      0x7d2 ./Core/Src/stm32h5xx_hal_msp.o
                              0xbe04b (size before relaxing)
 .debug_str     0x000be16b       0xf4 ./Core/Src/stm32h5xx_it.o
                              0xbd50b (size before relaxing)
 .debug_str     0x000be25f      0x2e9 ./Core/Src/system_stm32h5xx.o
                              0xbd5be (size before relaxing)
 .debug_str     0x000be548       0x44 ./Core/Startup/startup_stm32h503rbtx.o
                                 0x84 (size before relaxing)
 .debug_str     0x000be58c      0x838 ./Drivers/STM32H5xx_HAL_Driver/Src/stm32h5xx_hal.o
                              0xbe131 (size before relaxing)
 .debug_str     0x000bedc4      0x3f1 ./Drivers/STM32H5xx_HAL_Driver/Src/stm32h5xx_hal_cortex.o
                              0xbde9b (size before relaxing)
 .debug_str     0x000bf1b5       0xd1 ./Drivers/STM32H5xx_HAL_Driver/Src/stm32h5xx_hal_crc.o
                              0xbd3a8 (size before relaxing)
 .debug_str     0x000bf286       0xa4 ./Drivers/STM32H5xx_HAL_Driver/Src/stm32h5xx_hal_crc_ex.o
                              0xbd34e (size before relaxing)
 .debug_str     0x000bf32a     0x11d6 ./Drivers/STM32H5xx_HAL_Driver/Src/stm32h5xx_hal_fdcan.o
                              0xbe89b (size before relaxing)
 .debug_str     0x000c0500      0x2b5 ./Drivers/STM32H5xx_HAL_Driver/Src/stm32h5xx_hal_gpio.o
                              0xbd49c (size before relaxing)
 .debug_str     0x000c07b5      0x320 ./Drivers/STM32H5xx_HAL_Driver/Src/stm32h5xx_hal_icache.o
                              0xbd44e (size before relaxing)
 .debug_str     0x000c0ad5      0x38a ./Drivers/STM32H5xx_HAL_Driver/Src/stm32h5xx_hal_rcc.o
                              0xbdafe (size before relaxing)
 .debug_str     0x000c0e5f      0x5c2 ./Drivers/STM32H5xx_HAL_Driver/Src/stm32h5xx_hal_rcc_ex.o
                              0xbdc55 (size before relaxing)

.comment        0x00000000       0x43
 .comment       0x00000000       0x43 ./Core/Src/main.o
                                 0x44 (size before relaxing)
 .comment       0x00000043       0x44 ./Core/Src/stm32h5xx_hal_msp.o
 .comment       0x00000043       0x44 ./Core/Src/stm32h5xx_it.o
 .comment       0x00000043       0x44 ./Core/Src/system_stm32h5xx.o
 .comment       0x00000043       0x44 ./Drivers/STM32H5xx_HAL_Driver/Src/stm32h5xx_hal.o
 .comment       0x00000043       0x44 ./Drivers/STM32H5xx_HAL_Driver/Src/stm32h5xx_hal_cortex.o
 .comment       0x00000043       0x44 ./Drivers/STM32H5xx_HAL_Driver/Src/stm32h5xx_hal_crc.o
 .comment       0x00000043       0x44 ./Drivers/STM32H5xx_HAL_Driver/Src/stm32h5xx_hal_crc_ex.o
 .comment       0x00000043       0x44 ./Drivers/STM32H5xx_HAL_Driver/Src/stm32h5xx_hal_fdcan.o
 .comment       0x00000043       0x44 ./Drivers/STM32H5xx_HAL_Driver/Src/stm32h5xx_hal_gpio.o
 .comment       0x00000043       0x44 ./Drivers/STM32H5xx_HAL_Driver/Src/stm32h5xx_hal_icache.o
 .comment       0x00000043       0x44 ./Drivers/STM32H5xx_HAL_Driver/Src/stm32h5xx_hal_rcc.o
 .comment       0x00000043       0x44 ./Drivers/STM32H5xx_HAL_Driver/Src/stm32h5xx_hal_rcc_ex.o

.debug_frame    0x00000000     0x2598
 .debug_frame   0x00000000      0x12c ./Core/Src/main.o
 .debug_frame   0x0000012c       0xcc ./Core/Src/stm32h5xx_hal_msp.o
 .debug_frame   0x000001f8      0x120 ./Core/Src/stm32h5xx_it.o
 .debug_frame   0x00000318       0x60 ./Core/Src/system_stm32h5xx.o
 .debug_frame   0x00000378      0x66c ./Drivers/STM32H5xx_HAL_Driver/Src/stm32h5xx_hal.o
 .debug_frame   0x000009e4      0x560 ./Drivers/STM32H5xx_HAL_Driver/Src/stm32h5xx_hal_cortex.o
 .debug_frame   0x00000f44      0x168 ./Drivers/STM32H5xx_HAL_Driver/Src/stm32h5xx_hal_crc.o
 .debug_frame   0x000010ac       0x88 ./Drivers/STM32H5xx_HAL_Driver/Src/stm32h5xx_hal_crc_ex.o
 .debug_frame   0x00001134      0x9b0 ./Drivers/STM32H5xx_HAL_Driver/Src/stm32h5xx_hal_fdcan.o
 .debug_frame   0x00001ae4      0x1ec ./Drivers/STM32H5xx_HAL_Driver/Src/stm32h5xx_hal_gpio.o
 .debug_frame   0x00001cd0      0x248 ./Drivers/STM32H5xx_HAL_Driver/Src/stm32h5xx_hal_icache.o
 .debug_frame   0x00001f18      0x264 ./Drivers/STM32H5xx_HAL_Driver/Src/stm32h5xx_hal_rcc.o
 .debug_frame   0x0000217c      0x3d0 ./Drivers/STM32H5xx_HAL_Driver/Src/stm32h5xx_hal_rcc_ex.o
 .debug_frame   0x0000254c       0x20 C:/ST/STM32CubeIDE_1.15.1/STM32CubeIDE/plugins/com.st.stm32cube.ide.mcu.externaltools.gnu-tools-for-stm32.12.3.rel1.win32_1.0.100.202403111256/tools/bin/../lib/gcc/arm-none-eabi/12.3.1/../../../../arm-none-eabi/lib/thumb/v8-m.main+fp/hard\libc_nano.a(libc_a-memset.o)
 .debug_frame   0x0000256c       0x2c C:/ST/STM32CubeIDE_1.15.1/STM32CubeIDE/plugins/com.st.stm32cube.ide.mcu.externaltools.gnu-tools-for-stm32.12.3.rel1.win32_1.0.100.202403111256/tools/bin/../lib/gcc/arm-none-eabi/12.3.1/../../../../arm-none-eabi/lib/thumb/v8-m.main+fp/hard\libc_nano.a(libc_a-init.o)

.debug_line_str
                0x00000000       0x68
 .debug_line_str
                0x00000000       0x68 ./Core/Startup/startup_stm32h503rbtx.o
